https://www.zhihu.com/question/349551368
吉棋！！！！！！！！！！！！！！！！！！！！！！！！！！！！！！！！！！！！！！！！！！！！！！！！！！！！！！
吉棋！！！！！！！！！！！！！！！！！！！！！！！！！！！！！！！！！！！！！！！！！！！！！！！！！！！！！！
吉棋！！！！！！！！！！！！！！！！！！！！！！！！！！！！！！！！！！！！！！！！！！！！！！！！！！！！！！
吉棋！！！！！！！！！！！！！！！！！！！！！！！！！！！！！！！！！！！！！！！！！！！！！！！！！！！！！！
吉棋！！！！！！！！！！！！！！！！！！！！！！！！！！！！！！！！！！！！！！！！！！！！！！！！！！！！！！
吉棋！！！！！！！！！！！！！！！！！！！！！！！！！！！！！！！！！！！！！！！！！！！！！！！！！！！！！！
夕頭双燕
['https://pic1.zhimg.com/v2-046fa5b1134ac52c277ed8d9fe056d52_r.jpg?source=1940ef5c', 'https://pic1.zhimg.com/v2-fafe0ca8355a9fe2363be8488a87491e_r.jpg?source=1940ef5c', 'https://pic1.zhimg.com/v2-79298361431a1389d4fd75a9439c53cd_r.jpg?source=1940ef5c', 'https://pic4.zhimg.com/v2-2d427ce63ee364ad922aab3ab69cf284_r.jpg?source=1940ef5c', 'https://pic4.zhimg.com/v2-bed6bbbb78975adb4b58d5d7ea550946_r.jpg?source=1940ef5c', 'https://pic2.zhimg.com/v2-8fc538a79738ab67579f6d28ec72b56c_r.jpg?source=1940ef5c', 'https://pic4.zhimg.com/v2-5a78eea276b72b44bf10323af0a4ec1d_r.jpg?source=1940ef5c', 'https://pic1.zhimg.com/v2-e0b9c8dbc32117c898cc2a485d7b533e_r.jpg?source=1940ef5c', 'https://pic1.zhimg.com/v2-2aaca036e3542052c532ee924f166192_r.jpg?source=1940ef5c', 'https://pic4.zhimg.com/v2-8fec32c1e81518008f55ba58ae3e8549_r.jpg?source=1940ef5c', 'https://pic2.zhimg.com/v2-a94942f6b7f617e7a556b60bb783c088_r.jpg?source=1940ef5c', 'https://pic1.zhimg.com/v2-55a05d58be63785ae08febc6383d5dd0_r.jpg?source=1940ef5c', 'https://pic1.zhimg.com/v2-36bf630932168a6dd75fe71d6ae95c0f_r.jpg?source=1940ef5c', 'https://pic4.zhimg.com/v2-17141b2dfc1972e5717dccbe923a1e10_r.jpg?source=1940ef5c', 'https://pic1.zhimg.com/v2-e5f33173ea1f50453310b438e5102237_r.jpg?source=1940ef5c', 'https://pic1.zhimg.com/v2-aed3a36134a2395e80006df428da4684_r.jpg?source=1940ef5c', 'https://pic2.zhimg.com/v2-7cd23038356ddd7f2564ccd41040b995_r.jpg?source=1940ef5c', 'https://pic4.zhimg.com/v2-a11fec68fa299f3743f51254a2b084e2_r.jpg?source=1940ef5c', 'https://pic4.zhimg.com/v2-7b5bd3dc09df876335ba04576aadab68_r.jpg?source=1940ef5c', 'https://pic2.zhimg.com/v2-d920039503e3f3a5b0b58b3230f0fa32_r.jpg?source=1940ef5c', 'https://pic2.zhimg.com/v2-0f5b6c807834424a5972ca7333250ed7_r.jpg?source=1940ef5c', 'https://pic3.zhimg.com/v2-0f4a0ce04baaf55f29c713306cd532e5_r.jpg?source=1940ef5c', 'https://pic1.zhimg.com/v2-b624aa811c9e22c22ff844141fc9f2c2_r.jpg?source=1940ef5c', 'https://pic1.zhimg.com/v2-864b2743677d142612b8cc0cf942370f_r.jpg?source=1940ef5c', 'https://pic1.zhimg.com/v2-2243e406a448cdefbbc72acb6e5f7fc2_r.jpg?source=1940ef5c', 'https://pic4.zhimg.com/v2-c7f94618734fd5eb1f922037cedb7551_r.jpg?source=1940ef5c', 'https://pic4.zhimg.com/v2-8dbedd4eb223e7094ab3973a20b73de2_r.jpg?source=1940ef5c', 'https://pic2.zhimg.com/v2-c7f7b4fce5454ecba34cd2cc0a70e16c_r.jpg?source=1940ef5c', 'https://pic4.zhimg.com/v2-c10367a8ee5ff97aeba39f7850b55999_r.jpg?source=1940ef5c', 'https://pic2.zhimg.com/v2-fa3bf9300c803a2d171d40843593ce9c_r.jpg?source=1940ef5c', 'https://pic1.zhimg.com/v2-e5d3312e2c5ff3e7569b697730fb90ff_r.jpg?source=1940ef5c', 'https://pic1.zhimg.com/v2-9838914b023d586fbb55d65e2dceb57b_r.jpg?source=1940ef5c', 'https://pic2.zhimg.com/v2-79a4ac897ab7fb8a1086b6a4cb37315c_r.jpg?source=1940ef5c', 'https://pic4.zhimg.com/v2-3d0c81b76f06e7084399c1f8bdc5c397_r.jpg?source=1940ef5c', 'https://pic1.zhimg.com/v2-ff78d3eb8dde35aace6f9d2f941724d5_r.jpg?source=1940ef5c', 'https://pic4.zhimg.com/v2-968378a2fef2f8e5a42846a9330386e4_r.jpg?source=1940ef5c', 'https://pic4.zhimg.com/v2-9ad05d3d5f9d089d4ccaf565bd41ddaa_r.jpg?source=1940ef5c', 'https://pic1.zhimg.com/v2-6d6183109dc400e8b0194ed40dc2c901_r.jpg?source=1940ef5c', 'https://pic1.zhimg.com/v2-fd21c496b374b6c13763abe8fafa499e_r.jpg?source=1940ef5c', 'https://pic2.zhimg.com/v2-cffb414ed65971c07662f379eb567aa4_r.jpg?source=1940ef5c', 'https://pic1.zhimg.com/v2-9de3d4e9cad45426a78bb9d6b2416715_r.jpg?source=1940ef5c', 'https://pic2.zhimg.com/v2-e3c670101e00ca4d5228cffff4d56a5c_r.jpg?source=1940ef5c', 'https://pic4.zhimg.com/v2-913aa512d1f76643460a89060b8b5a6a_r.jpg?source=1940ef5c', 'https://pic1.zhimg.com/v2-42e1b886c3a19cea66be0e2f062432cc_r.jpg?source=1940ef5c', 'https://pic1.zhimg.com/v2-6352b2c19ad9a5bc08547343761a3c77_r.jpg?source=1940ef5c', 'https://pic1.zhimg.com/v2-fbd043ddf19aa1268eee8c9857122157_r.jpg?source=1940ef5c', 'https://pic1.zhimg.com/v2-997d5c6b361543b5193c9501b039068e_r.jpg?source=1940ef5c', 'https://pic1.zhimg.com/v2-cf1298b0bdec34d9e520595ed9191b43_r.jpg?source=1940ef5c', 'https://pic4.zhimg.com/v2-2a152aad4a392a51438761cbc3d4dc40_r.jpg?source=1940ef5c', 'https://pic4.zhimg.com/v2-23d25b22714f51bd0b7b141248aee956_r.jpg?source=1940ef5c', 'https://pic2.zhimg.com/v2-100afc234c13dc5497abeac78608c985_r.jpg?source=1940ef5c', 'https://pic4.zhimg.com/v2-45a1d39a340fd6ad61b6d5feecc2f2aa_r.jpg?source=1940ef5c', 'https://pic1.zhimg.com/v2-d11c863fd797b6a77f8ff59c66c02435_r.jpg?source=1940ef5c', 'https://pic3.zhimg.com/v2-2d2b85abfa1704cd5463b5237989caf3_r.jpg?source=1940ef5c', 'https://pic1.zhimg.com/v2-6db378b54583bcfb357ec9533bfd5011_r.jpg?source=1940ef5c', 'https://pic1.zhimg.com/v2-2c9a4bb1fcd6dd2758e53be75f2623f1_r.jpg?source=1940ef5c', 'https://pic4.zhimg.com/v2-a396aa85a1afbbefb3887216121a83c8_r.jpg?source=1940ef5c', 'https://pic1.zhimg.com/v2-3af1fd49ef8b0711ff7c4902179499bb_r.jpg?source=1940ef5c', 'https://pic4.zhimg.com/v2-63d0b04cef64ebbf68aed0b6366d9550_r.jpg?source=1940ef5c', 'https://pic1.zhimg.com/v2-3e478efeaf836ed30608ec5bc897fc0e_r.jpg?source=1940ef5c', 'https://pic1.zhimg.com/v2-5b8390847805523ec9b1cf0899ae1747_r.jpg?source=1940ef5c', 'https://pic1.zhimg.com/v2-03faafe2522d89c92841e16fe9832796_r.jpg?source=1940ef5c', 'https://pic4.zhimg.com/v2-5648eb933f07f3770e7c96ec311f1793_r.jpg?source=1940ef5c', 'https://pic1.zhimg.com/v2-87e747a30b1b4befd4907796da3ff0cd_r.jpg?source=1940ef5c', 'https://pic4.zhimg.com/v2-117968ecfaf7acee28f2ad71e14ec0c6_r.jpg?source=1940ef5c', 'https://pic4.zhimg.com/v2-b2847cdcc92bf0e6795ec425dc6f944a_r.jpg?source=1940ef5c', 'https://pic1.zhimg.com/v2-06feea8162aea159577d3506614af132_r.jpg?source=1940ef5c', 'https://pic4.zhimg.com/v2-978e08889e043529fdfd3f9deb30e5c1_r.jpg?source=1940ef5c', 'https://pic1.zhimg.com/v2-3f2664a6c9b1170be7e0d1483d9170a8_r.jpg?source=1940ef5c', 'https://pic1.zhimg.com/v2-12ee40f5f5c30acbfec3dfac5ef46ce3_r.jpg?source=1940ef5c', 'https://pic2.zhimg.com/v2-05cd574fd769b116876c736a8949c1ad_r.jpg?source=1940ef5c', 'https://pic4.zhimg.com/v2-61b16caec2b0968f43e620a728513350_r.jpg?source=1940ef5c', 'https://pic2.zhimg.com/v2-8c39b67489db242d95c928f48683dd9b_r.jpg?source=1940ef5c', 'https://pic1.zhimg.com/v2-6cef10f1c273b52c2825edd09662b9ee_r.jpg?source=1940ef5c', 'https://pic1.zhimg.com/v2-1b932b81e5ef883682d2c40e28681e9c_r.jpg?source=1940ef5c', 'https://pic2.zhimg.com/v2-1bb3d64c8d9782eb15e0ab375c9b0f47_r.jpg?source=1940ef5c', 'https://pic2.zhimg.com/v2-81a1b3fd333bc4c50c1110664f4b39f9_r.jpg?source=1940ef5c', 'https://pic2.zhimg.com/v2-c4293e444dddfaa96920383d74210bd8_r.jpg?source=1940ef5c', 'https://pic1.zhimg.com/v2-511a95f381ef7906869eda54ada4ed85_r.jpg?source=1940ef5c', 'https://pic2.zhimg.com/v2-567dcac7d183a33497820e2a41f1d26b_r.jpg?source=1940ef5c', 'https://pic4.zhimg.com/v2-f75c81c62f248d8cb3c59f3ba15499de_r.jpg?source=1940ef5c', 'https://pic1.zhimg.com/v2-b58d9e50b211e3bd0b42842eefeb31da_r.jpg?source=1940ef5c', 'https://pic1.zhimg.com/v2-66074625cad5b643c65b2cca5589a221_r.jpg?source=1940ef5c', 'https://pic1.zhimg.com/v2-35cb533cf325aa1f6bb4d6acba61ac6e_r.jpg?source=1940ef5c', 'https://pic4.zhimg.com/v2-a89cd6d74e45349c08d39c2ab8943c89_r.jpg?source=1940ef5c', 'https://pic1.zhimg.com/v2-79240f150ba2d3ff738452c3746284d6_r.jpg?source=1940ef5c', 'https://pic1.zhimg.com/v2-d6d08ed49b4a14a0065d82b3828be247_r.jpg?source=1940ef5c', 'https://pic4.zhimg.com/v2-b518064c815c809d500551f64226bcfc_r.jpg?source=1940ef5c', 'https://pic4.zhimg.com/v2-50538fc65a09692cdd5c39d0e89a891e_r.jpg?source=1940ef5c', 'https://pic1.zhimg.com/v2-a2b8f8574ca768d45235a1d9e2180cc0_r.jpg?source=1940ef5c', 'https://pic1.zhimg.com/v2-9360d7eb4e67047eefd5fe0d13870b50_r.jpg?source=1940ef5c', 'https://pic1.zhimg.com/v2-e75ca1c8c93594a129041195c9f6afda_r.jpg?source=1940ef5c', 'https://pic1.zhimg.com/v2-22d09177c93ac03b9ecdeae58edd9b56_r.jpg?source=1940ef5c', 'https://pic2.zhimg.com/v2-599a1934a916f9f2dd00f0a003075fd3_r.jpg?source=1940ef5c', 'https://pic1.zhimg.com/v2-978e08889e043529fdfd3f9deb30e5c1_r.jpg?source=1940ef5c', 'https://pic1.zhimg.com/v2-4b0eea19783f6b5425281331e094d86d_r.jpg?source=1940ef5c', 'https://pic2.zhimg.com/v2-86c0c7a3a737df9c5a0c7775811c6dc1_r.jpg?source=1940ef5c', 'https://pic1.zhimg.com/v2-89f5fa32867e50e0a5459a68c1fe50d2_r.jpg?source=1940ef5c', 'https://pic2.zhimg.com/v2-9b634b672824c24ce8fa3495f96d4bb3_r.jpg?source=1940ef5c', 'https://pic4.zhimg.com/v2-788ab087ede8a0ad37dcda0ef68ffea1_r.jpg?source=1940ef5c', 'https://pic4.zhimg.com/v2-c4eb15b2ff44aebb0122397e33a05bb9_r.jpg?source=1940ef5c', 'https://pic4.zhimg.com/v2-8fffae429c2c636f9604debf84ed9e5f_r.jpg?source=1940ef5c', 'https://pic1.zhimg.com/v2-f10f11502d1a06fa12c4803fcd3dc429_r.jpg?source=1940ef5c', 'https://pic4.zhimg.com/v2-232167ebe36f9d1048b06d186dd16b81_r.jpg?source=1940ef5c', 'https://pic4.zhimg.com/v2-5713a976530176c68145a69dacf26cb2_r.jpg?source=1940ef5c', 'https://pic4.zhimg.com/v2-dd0daea1f8ebbe76b055fb739c71bf54_r.jpg?source=1940ef5c', 'https://pic3.zhimg.com/v2-358b160f059a38ad8e4f446601036961_r.jpg?source=1940ef5c', 'https://pic1.zhimg.com/v2-4e1033856ab7d1795837eb6194d11754_r.jpg?source=1940ef5c', 'https://pic1.zhimg.com/v2-8337fdc5d9a0d909274e656c5bbf993e_r.jpg?source=1940ef5c', 'https://pic3.zhimg.com/v2-d6ba84c972a148e2fa27ee0ac14cc210_r.jpg?source=1940ef5c', 'https://pic4.zhimg.com/v2-bc26b2d8fed840c929f4f6a855cc17a9_r.jpg?source=1940ef5c', 'https://pic4.zhimg.com/v2-b826f825aab9ea3526c7bd35b6725521_r.jpg?source=1940ef5c', 'https://pic2.zhimg.com/v2-4ffacac79c96278b17651e970279b035_r.jpg?source=1940ef5c', 'https://pic1.zhimg.com/v2-e620326bcde975038c81d86d67748321_r.jpg?source=1940ef5c', 'https://pic1.zhimg.com/v2-f7a6d2c7c761dbfb80bee71a732ea957_r.jpg?source=1940ef5c', 'https://pic2.zhimg.com/v2-2094ea243af7f1f0774c648cdaeb0722_r.jpg?source=1940ef5c', 'https://pic2.zhimg.com/v2-c5a4480cfdbac59f7861c1eb836f798b_r.jpg?source=1940ef5c', 'https://pic2.zhimg.com/v2-c8980e7e6f9a6a94680a95ed48a2940e_r.jpg?source=1940ef5c', 'https://pic1.zhimg.com/v2-7230384e7a4a4f0323e9dfb8b458e0d5_r.jpg?source=1940ef5c', 'https://pic2.zhimg.com/v2-0b8a691ce0d569f6b01c06c4b0c7f55e_r.jpg?source=1940ef5c', 'https://pic1.zhimg.com/v2-9bbcc8f05e84aa5d45607d7bab59be34_r.jpg?source=1940ef5c', 'https://pic1.zhimg.com/v2-9053f41d8219901dcc7d6d04cc97d720_r.jpg?source=1940ef5c', 'https://pic1.zhimg.com/v2-0f47d48529cf759ed7beac969b178b54_r.jpg?source=1940ef5c', 'https://pic3.zhimg.com/v2-cd182fd1e1f0c3b815dcd5547e0b35de_r.jpg?source=1940ef5c', 'https://pic2.zhimg.com/v2-0af3b0198a2574cd3a6b1b6bb66878b0_r.jpg?source=1940ef5c', 'https://pic1.zhimg.com/v2-3f9965ed8af5c02b509fa6e0f1f322fe_r.jpg?source=1940ef5c', 'https://pic3.zhimg.com/v2-7dae034724f9fc431063ccdf1cdbc93f_r.jpg?source=1940ef5c', 'https://pic2.zhimg.com/v2-c474f24b54847443be37588cfba2f2d2_r.jpg?source=1940ef5c', 'https://pic1.zhimg.com/v2-09c02a097271ba16829d83050615b984_r.jpg?source=1940ef5c', 'https://pic1.zhimg.com/v2-3a9c70c5e9c2f40c2fe44d508311984e_r.jpg?source=1940ef5c', 'https://pic1.zhimg.com/v2-dead5a4711da40270c51675417fa3325_r.jpg?source=1940ef5c', 'https://pic4.zhimg.com/v2-0fc144ecc37c92d0a8841527ce8de421_r.jpg?source=1940ef5c', 'https://pic2.zhimg.com/v2-d73c2710cc1dff5cb179f1a1b67ef944_r.jpg?source=1940ef5c', 'https://pic1.zhimg.com/v2-e524a60aaa49ae78a86128b279bca7ea_r.jpg?source=1940ef5c', 'https://pic1.zhimg.com/v2-247cd7c68be4a2f2044b24059fc74676_r.jpg?source=1940ef5c', 'https://pic1.zhimg.com/v2-b2a96a99ac2be1eb1b1db373cf813231_r.jpg?source=1940ef5c', 'https://pic2.zhimg.com/v2-1ed8919be0d525197b2f1e144e906ba6_r.jpg?source=1940ef5c', 'https://pic2.zhimg.com/v2-1d53cef537631f3bf6453886493c5db8_r.jpg?source=1940ef5c', 'https://pic2.zhimg.com/v2-8ebfdfd510a8953ffb2983ef7fc7f771_r.jpg?source=1940ef5c', 'https://pic4.zhimg.com/v2-8ce61b0f2109dfbfcb3b751d0fe0586c_r.jpg?source=1940ef5c', 'https://pic2.zhimg.com/v2-93a3b481ade68acdcd473ce796321231_r.jpg?source=1940ef5c', 'https://pic4.zhimg.com/v2-dacae62fb54f184420738ce39955e3f6_r.jpg?source=1940ef5c', 'https://pic1.zhimg.com/v2-af1cd445f298b63afc7b2532259362c1_r.jpg?source=1940ef5c', 'https://pic2.zhimg.com/v2-7bdd59d029e5e1852a0eb5dd97b0f9fb_r.jpg?source=1940ef5c', 'https://pic4.zhimg.com/v2-0ff2a3b74349018c7e22ebdfe8431ff5_r.jpg?source=1940ef5c', 'https://pic2.zhimg.com/v2-0694ef4bb71416595b6660585bfc5843_r.jpg?source=1940ef5c', 'https://pic4.zhimg.com/v2-badac0baec483faafa8abe1e5a93adff_r.jpg?source=1940ef5c', 'https://pic1.zhimg.com/v2-5df921e659d4a17eb0c3ec29962cc791_r.jpg?source=1940ef5c', 'https://pic4.zhimg.com/v2-0a0cfe0eff820d93475c7a5282164ca1_r.jpg?source=1940ef5c', 'https://pic4.zhimg.com/v2-32affe9b542497be354e83b6a87c93e0_r.jpg?source=1940ef5c', 'https://pic1.zhimg.com/v2-dede583e5d349c2131d9a19f1a415034_r.jpg?source=1940ef5c', 'https://pic1.zhimg.com/v2-7180197bb34542467f6a915a2ed4a9d9_r.jpg?source=1940ef5c', 'https://pic1.zhimg.com/v2-1f90d95c90e99462750a07f898127652_r.jpg?source=1940ef5c', 'https://pic2.zhimg.com/v2-8b0549f01486c7b65705959ee3aa9be5_r.jpg?source=1940ef5c', 'https://pic4.zhimg.com/v2-7aa9396fb62c1cfdc0b6ac5c9247d4b4_r.jpg?source=1940ef5c', 'https://pic3.zhimg.com/v2-31c06eb94ed22717f12ff0279e09f744_r.jpg?source=1940ef5c', 'https://pic2.zhimg.com/v2-f1b0cb63d16c4daec5ccf185890aae2d_r.jpg?source=1940ef5c', 'https://pic1.zhimg.com/v2-64918214b8f8a04a71fdf9927e257776_r.jpg?source=1940ef5c', 'https://pic3.zhimg.com/v2-a89bf47d11bf16f3a89b51b421daa30b_r.jpg?source=1940ef5c', 'https://pic3.zhimg.com/v2-b20c4755dd5afec56df20e240abc4055_r.jpg?source=1940ef5c', 'https://pic4.zhimg.com/v2-883927d994b79f1e75ce958f070cae00_r.jpg?source=1940ef5c', 'https://pic1.zhimg.com/v2-6624722b1cff5a5ba594614ab05a31be_r.jpg?source=1940ef5c', 'https://pic4.zhimg.com/v2-e3f45094b9f8b833fd5057fe1a273469_r.jpg?source=1940ef5c', 'https://pic1.zhimg.com/v2-9fab705bddd145910e268fe32aedc527_r.jpg?source=1940ef5c', 'https://pic2.zhimg.com/v2-f083ab05eb9b26fe9ae52823f4a69108_r.jpg?source=1940ef5c', 'https://pic3.zhimg.com/v2-c436ff9b5e01669a75cae2d4a5108112_r.jpg?source=1940ef5c', 'https://pic2.zhimg.com/v2-c9024489aee232368c39aba74e2cd631_r.jpg?source=1940ef5c', 'https://pic2.zhimg.com/v2-a4dc2a4f67711052f3dcad1ea6ef8f84_r.jpg?source=1940ef5c', 'https://pic4.zhimg.com/v2-40c9d521ddb75d798b0d9b55fca543ca_r.jpg?source=1940ef5c', 'https://pic4.zhimg.com/v2-ee011f95afe18459835188df957161e3_r.jpg?source=1940ef5c', 'https://pic4.zhimg.com/v2-7fa45ab22c6bc9d7aa25124f79bdef6c_r.jpg?source=1940ef5c', 'https://pic3.zhimg.com/v2-8a04d15f1ebf9054400b40faf752dcec_r.jpg?source=1940ef5c', 'https://pic4.zhimg.com/v2-fff800e50623951df11ef0aa0b47a64c_r.jpg?source=1940ef5c', 'https://pic1.zhimg.com/v2-fd367a1e532f9fe8df7897fd5cecd4a7_r.jpg?source=1940ef5c', 'https://pic2.zhimg.com/v2-d1536d4298ef561c6765ffb9fabcd5c7_r.jpg?source=1940ef5c', 'https://pic2.zhimg.com/v2-cdec302b30f4ed376a92080786804e8a_r.jpg?source=1940ef5c', 'https://pic4.zhimg.com/v2-ad36cdbf704276195fcb0017e9d87741_r.jpg?source=1940ef5c', 'https://pic1.zhimg.com/v2-dc7952d83a5634b0cee809e863b96529_r.jpg?source=1940ef5c', 'https://pic1.zhimg.com/v2-c80c74a71cd0eb89373fb64af3fc7a1e_r.jpg?source=1940ef5c', 'https://pic2.zhimg.com/v2-0473acf58e0a5456c7dbfc592137026f_r.jpg?source=1940ef5c', 'https://pic4.zhimg.com/v2-a6d4efccad7996175f50758ffd96cad5_r.jpg?source=1940ef5c', 'https://pic3.zhimg.com/v2-6454bb94629a7e6de5a2790ce7bc6d54_r.jpg?source=1940ef5c', 'https://pic4.zhimg.com/v2-10161a4371d34dda1d8e6e8e71d0528e_r.jpg?source=1940ef5c', 'https://pic4.zhimg.com/v2-27cf839965d148a313a3b94c1f50e03a_r.jpg?source=1940ef5c', 'https://pic1.zhimg.com/v2-cb7401dbd769ab6e864f94552b83c283_r.jpg?source=1940ef5c', 'https://pic1.zhimg.com/v2-da3c5684db7d276968793015ebba5392_r.jpg?source=1940ef5c', 'https://pic1.zhimg.com/v2-6490398cc1990e970c9552c308855b3b_r.jpg?source=1940ef5c', 'https://pic4.zhimg.com/v2-3154a9736eb23e61dd1b07c98142138d_r.jpg?source=1940ef5c', 'https://pic1.zhimg.com/v2-a0fe09c1d1a7341171c656dc608ae7a1_r.jpg?source=1940ef5c', 'https://pic1.zhimg.com/v2-52bfddb2b1418448031b62a9cf461345_r.jpg?source=1940ef5c', 'https://pic4.zhimg.com/v2-cc8956c37b6956764771ad21a03a4113_r.jpg?source=1940ef5c', 'https://pic1.zhimg.com/v2-bf14e975095cdb3131af46f53762c5f0_r.jpg?source=1940ef5c', 'https://pic1.zhimg.com/v2-5dfc5322fbce93b15303cd613d848ad6_r.jpg?source=1940ef5c', 'https://pic1.zhimg.com/v2-4b7e899e97a8635f0e17d95cd797ca9d_r.jpg?source=1940ef5c', 'https://pic1.zhimg.com/v2-f7725428078557fa6df54afe1026d569_r.jpg?source=1940ef5c', 'https://pic4.zhimg.com/v2-5215860f6bdc17bebf933d6275b1012b_r.jpg?source=1940ef5c', 'https://pic4.zhimg.com/v2-6313f0250b4b8f8adf5e6cc1e95fd410_r.jpg?source=1940ef5c', 'https://pic3.zhimg.com/v2-a30127325ed13f68e58b10ac938782cf_r.jpg?source=1940ef5c', 'https://pic4.zhimg.com/v2-c7317000a9a8150df7f96bd3b4c5a90c_r.jpg?source=1940ef5c', 'https://pic2.zhimg.com/v2-083b0b45260341b8663fbeefd3a30ae2_r.jpg?source=1940ef5c', 'https://pic1.zhimg.com/v2-a833b1cbafe47aa696261622b2ae49c6_r.jpg?source=1940ef5c', 'https://pic4.zhimg.com/v2-c22e4e348a71be389c3f4c2242820110_r.jpg?source=1940ef5c', 'https://pic4.zhimg.com/v2-0b7e2e5233664e0cc585346d946195f8_r.jpg?source=1940ef5c', 'https://pic2.zhimg.com/v2-8613d6c045849e526a7eeb98ce4db284_r.jpg?source=1940ef5c', 'https://pic2.zhimg.com/v2-f82224442f31f0ca23db8f42c5fb7629_r.jpg?source=1940ef5c', 'https://pic1.zhimg.com/v2-cac6b796e5b9fb3a1b8586540ed70050_r.jpg?source=1940ef5c', 'https://pic1.zhimg.com/v2-5e3f0d3d75fddc3aec927200ccb53676_r.jpg?source=1940ef5c', 'https://pic4.zhimg.com/v2-9712d3b472d570549cf0a9b5bb629342_r.jpg?source=1940ef5c', 'https://pic4.zhimg.com/v2-392163e9e354189c6db8bfbe0e1c3d84_r.jpg?source=1940ef5c', 'https://pic3.zhimg.com/v2-000451a44f10cf9a35fb586a70581bf9_r.jpg?source=1940ef5c', 'https://pic4.zhimg.com/v2-3138c1f87457830b642f443ec03c1ddb_r.jpg?source=1940ef5c', 'https://pic1.zhimg.com/v2-6f3fc962ec8830c8d9924d67a3c0f570_r.jpg?source=1940ef5c', 'https://pic2.zhimg.com/v2-a18abf17b9bf0cbeb7c7423871e54385_r.jpg?source=1940ef5c', 'https://pic2.zhimg.com/v2-f009850ad0bf550a7523e0ec004c4cf1_r.jpg?source=1940ef5c', 'https://pic1.zhimg.com/v2-9f7ac91e3d9886288d3188656850f095_r.jpg?source=1940ef5c', 'https://pic4.zhimg.com/v2-7f4ae49e15dd5493e4d00e07867d883a_r.jpg?source=1940ef5c', 'https://pic4.zhimg.com/v2-86bb5f4f13ccdfa0d3751bd7a3ef91d8_r.jpg?source=1940ef5c', 'https://pic1.zhimg.com/v2-5beabab03c64ef5e0e38dd7af790fa8e_r.jpg?source=1940ef5c', 'https://pic1.zhimg.com/v2-d19584e7b732f9034e3cb9527f788559_r.jpg?source=1940ef5c', 'https://pic1.zhimg.com/v2-ea6146948c648c476cd9ff1306c55944_r.jpg?source=1940ef5c', 'https://pic4.zhimg.com/v2-2eae7b408303e860966b4e02d72e2ca3_r.jpg?source=1940ef5c', 'https://pic1.zhimg.com/v2-94152bd3155688b1c5109547cec09d97_r.jpg?source=1940ef5c', 'https://pic1.zhimg.com/v2-280d8f510b753e9a845bf1841d6ed98e_r.jpg?source=1940ef5c', 'https://pic2.zhimg.com/v2-ab19ab94fa3a4465fc67d591ce3c1fc3_r.jpg?source=1940ef5c', 'https://pic3.zhimg.com/v2-756ab2f1f2c815fd76b6309b9b18b716_r.jpg?source=1940ef5c', 'https://pic1.zhimg.com/v2-b596ea44a80d67c19989a865ac33e049_r.jpg?source=1940ef5c', 'https://pic1.zhimg.com/v2-8cf65b66f8779ebbea34c615c294c83c_r.jpg?source=1940ef5c', 'https://pic1.zhimg.com/v2-00d5a77a9b4d3d090a688b0010a12d0e_r.jpg?source=1940ef5c', 'https://pic2.zhimg.com/v2-b15f0260608ef13fe56620672f20ff5b_r.jpg?source=1940ef5c', 'https://pic4.zhimg.com/v2-7ea52efc11513293f48b4cb4ab905e8c_r.jpg?source=1940ef5c', 'https://pic1.zhimg.com/v2-b870a9465c8a449db3c467909989cc80_r.jpg?source=1940ef5c', 'https://pic4.zhimg.com/v2-a10e580bac1b901c77b68cd21e6bde1c_r.jpg?source=1940ef5c', 'https://pic4.zhimg.com/v2-74cfb06ca9391a5e47473df247ada52f_r.jpg?source=1940ef5c', 'https://pic4.zhimg.com/v2-7e6b8b53b0316fab883a36fcfb4f1503_r.jpg?source=1940ef5c', 'https://pic4.zhimg.com/v2-2969774e8cc86ac7bf0d73658cb3bae9_r.jpg?source=1940ef5c', 'https://pic1.zhimg.com/v2-13c815bbb6e3661390346dd6f981ee57_r.jpg?source=1940ef5c', 'https://pic1.zhimg.com/v2-68b4cedb7340df7514242d716d46f564_r.jpg?source=1940ef5c', 'https://pic1.zhimg.com/v2-daf462312ae7f1e3cdade5e968e6c4be_r.jpg?source=1940ef5c', 'https://pic2.zhimg.com/v2-954932a363daac1365ed15f202ff9392_r.jpg?source=1940ef5c', 'https://pic1.zhimg.com/v2-afff56fbfa980475d964304f67693cd6_r.jpg?source=1940ef5c', 'https://pic1.zhimg.com/v2-81a2a512796e2803c43614a04909b16a_r.jpg?source=1940ef5c', 'https://pic4.zhimg.com/v2-231af0706bbda9849b31e4e5a272b8dd_r.jpg?source=1940ef5c', 'https://pic1.zhimg.com/v2-60d70a04d33fb9e56c6a26293acc68c7_r.jpg?source=1940ef5c', 'https://pic2.zhimg.com/v2-9e270026bd3caf39e8fcd5953ee3e2d8_r.jpg?source=1940ef5c', 'https://pic2.zhimg.com/v2-3ff7911aa435629f3188d32f7159f962_r.jpg?source=1940ef5c', 'https://pic1.zhimg.com/v2-062f67f7ef27f27792d93b3d9751fabd_r.jpg?source=1940ef5c', 'https://pic2.zhimg.com/v2-64f2122c26558be981377372b79531a2_r.jpg?source=1940ef5c', 'https://pic2.zhimg.com/v2-f61dac3bd05c11a2b6f006cbccca5d9d_r.jpg?source=1940ef5c', 'https://pic4.zhimg.com/v2-47ddd9a9223102c46e7fd6698193be25_r.jpg?source=1940ef5c', 'https://pic4.zhimg.com/v2-29cb734c5a7f43972328d25c382eb639_r.jpg?source=1940ef5c', 'https://pic1.zhimg.com/v2-0b0fe41326beed1f9782247afc97d578_r.jpg?source=1940ef5c', 'https://pic2.zhimg.com/v2-9352fb6686a52fb8e3f358120aba2a55_r.jpg?source=1940ef5c', 'https://pic4.zhimg.com/v2-7766ba61e6757ddce66336881473e0e5_r.jpg?source=1940ef5c', 'https://pic1.zhimg.com/v2-834442ad21118287d32dceb5fcd23cb8_r.jpg?source=1940ef5c', 'https://pic2.zhimg.com/v2-4eff7fc6fd032c5cbcb1ef168bd50e91_r.jpg?source=1940ef5c', 'https://pic4.zhimg.com/v2-40c9d521ddb75d798b0d9b55fca543ca_r.jpg?source=1940ef5c', 'https://pic1.zhimg.com/v2-0be2cbbabc24664453b7a5d21d1af6f2_r.jpg?source=1940ef5c', 'https://pic1.zhimg.com/v2-184ff1662d7ba207a08038859c31d139_r.jpg?source=1940ef5c', 'https://pic1.zhimg.com/v2-945d0d0c5f7224e8cb84067a5a568e2d_r.jpg?source=1940ef5c', 'https://pic2.zhimg.com/v2-1ba3de7654d8977844f81a955ca5ebb1_r.jpg?source=1940ef5c', 'https://pic1.zhimg.com/v2-1e96226a58bc6ca305c3f725b1a9b1a4_r.jpg?source=1940ef5c', 'https://pic4.zhimg.com/v2-4a14efc806873fa7e0afdd4dd02227f6_r.jpg?source=1940ef5c', 'https://pic1.zhimg.com/v2-581b0174d1ee5d5d49ace09b8979ea67_r.jpg?source=1940ef5c', 'https://pic4.zhimg.com/v2-b3c357ab36cd899ed90483aae9e5337a_r.jpg?source=1940ef5c', 'https://pic1.zhimg.com/v2-2dc2033f54b0a33042644370faefe5f4_r.jpg?source=1940ef5c', 'https://pic1.zhimg.com/v2-13d155a3a2be4be650c172785b2558f8_r.jpg?source=1940ef5c', 'https://pic2.zhimg.com/v2-f41fe641250146c6daf1ce4f4268c8d1_r.jpg?source=1940ef5c', 'https://pic4.zhimg.com/v2-f876b7acc94f78e3841802a0735e3323_r.jpg?source=1940ef5c', 'https://pic4.zhimg.com/v2-3895e81423512cf26e236fe68c2243a4_r.jpg?source=1940ef5c', 'https://pic2.zhimg.com/v2-f96bfd95feeea4c083be5979bf9a8839_r.jpg?source=1940ef5c', 'https://pic1.zhimg.com/v2-41c8f5fee292b1b9c8b4d4789012e025_r.jpg?source=1940ef5c', 'https://pic2.zhimg.com/v2-abaf63b5947959deab16d86716c6b4d8_r.jpg?source=1940ef5c', 'https://pic1.zhimg.com/v2-961f22d66339300ca240d0bab3cc182c_r.jpg?source=1940ef5c', 'https://pic4.zhimg.com/v2-7c72fa50bf261844e3cb678659c3ff25_r.jpg?source=1940ef5c', 'https://pic4.zhimg.com/v2-07f3758e01d9184f0152bf5e93528c96_r.jpg?source=1940ef5c', 'https://pic1.zhimg.com/v2-2d128eab7665a3ea2e2cb067478fb09b_r.jpg?source=1940ef5c', 'https://pic1.zhimg.com/v2-9c672d51528ae5cbf8f1e34a31f0ab22_r.jpg?source=1940ef5c', 'https://pic4.zhimg.com/v2-7c5c7a815cddc9255687963effff4d37_r.jpg?source=1940ef5c', 'https://pic2.zhimg.com/v2-c166485d2deb3d7ae820bf592106d784_r.jpg?source=1940ef5c', 'https://pic4.zhimg.com/v2-0de298a01ab79f901b0196e67184ac2d_r.jpg?source=1940ef5c', 'https://pic1.zhimg.com/v2-d405494f98f537ec22d9b61e3d15b7b8_r.jpg?source=1940ef5c', 'https://pic1.zhimg.com/v2-d1c12d0e7dfeff4d986af83fd6838f58_r.jpg?source=1940ef5c', 'https://pic1.zhimg.com/v2-7d8646ce592b3afcfba2401c2915c60f_r.jpg?source=1940ef5c', 'https://pic4.zhimg.com/v2-cb136d95b086e7bc1975583368223ab8_r.jpg?source=1940ef5c', 'https://pic2.zhimg.com/v2-9d934e705c4323f0fbf0ffa43bbe5b7c_r.jpg?source=1940ef5c', 'https://pic1.zhimg.com/v2-c3de25f9a142515464e8c547ab511a81_r.jpg?source=1940ef5c', 'https://pic1.zhimg.com/v2-c358c001ab831d535f77966b33fe2c93_r.jpg?source=1940ef5c', 'https://pic4.zhimg.com/v2-8786ad7e8ead7ac03baf859545af75c0_r.jpg?source=1940ef5c', 'https://pic2.zhimg.com/v2-2279ac7bc710bea846cbf81aa5877f5d_r.jpg?source=1940ef5c', 'https://pic3.zhimg.com/v2-d0858cc956460fbab0cbb08432ee5693_r.jpg?source=1940ef5c', 'https://pic1.zhimg.com/v2-4bec25142b453fae93e7e10bee4db25c_r.jpg?source=1940ef5c', 'https://pic2.zhimg.com/v2-88754bf0fcac7ebcb9caf7004e157fbc_r.jpg?source=1940ef5c', 'https://pic4.zhimg.com/v2-598eeb410ac78ede508cac0192ed0d4d_r.jpg?source=1940ef5c', 'https://pic2.zhimg.com/v2-8861e63fc0f570661ac44495fb6908e0_r.jpg?source=1940ef5c', 'https://pic2.zhimg.com/v2-3688c69464eea7de1457f698c6018e71_r.jpg?source=1940ef5c', 'https://pic1.zhimg.com/v2-5c1bda0649d8e470739544c9d47a81db_r.jpg?source=1940ef5c', 'https://pic1.zhimg.com/v2-fa972cfe6ffea1077f81d2c2d26c4dba_r.jpg?source=1940ef5c', 'https://pic3.zhimg.com/v2-cca59e079830c4ff99133f0cd27eb64b_r.jpg?source=1940ef5c', 'https://pic2.zhimg.com/v2-c5938fde469d0dc583fa0f554dc5d679_r.jpg?source=1940ef5c', 'https://pic1.zhimg.com/v2-7df43bef835d87320915cf05631edf0d_r.jpg?source=1940ef5c', 'https://pic2.zhimg.com/v2-07f965e84ff5f289089058937e2f51db_r.jpg?source=1940ef5c', 'https://pic4.zhimg.com/v2-0dbd4509cfc07314dfc1dacd52362677_r.jpg?source=1940ef5c', 'https://pic1.zhimg.com/v2-f1a435d80d02fbea19e107c20a8a30dc_r.jpg?source=1940ef5c', 'https://pic2.zhimg.com/v2-f5c2e55af6d98e117b8a360003623025_r.jpg?source=1940ef5c', 'https://pic4.zhimg.com/v2-efb9a8b2a50dbb3ca7b46d20a38fe9db_r.jpg?source=1940ef5c', 'https://pic1.zhimg.com/v2-d73180b60b814a64f62905ead9be5f0b_r.jpg?source=1940ef5c', 'https://pic4.zhimg.com/v2-5ccb64aa8ce3b0e3f332aaebb3b474f2_r.jpg?source=1940ef5c', 'https://pic1.zhimg.com/v2-9cbd9f4274221ae034bf5168643488b8_r.jpg?source=1940ef5c', 'https://pic1.zhimg.com/v2-b70963f971151a60cafc1992238bdd9d_r.jpg?source=1940ef5c', 'https://pic2.zhimg.com/v2-89d19d58792d9992cdd36637ff983610_r.jpg?source=1940ef5c', 'https://pic2.zhimg.com/v2-254e3a9b1b531666c3ceeee1dc29d773_r.jpg?source=1940ef5c', 'https://pic1.zhimg.com/v2-c97b099f9acd0209f6894e7149244763_r.jpg?source=1940ef5c', 'https://pic4.zhimg.com/v2-01d49a6d1822040a80e5d234f8c71669_r.jpg?source=1940ef5c', 'https://pic1.zhimg.com/v2-83a055294705225dd7339de0ccf9d9b9_r.jpg?source=1940ef5c', 'https://pic2.zhimg.com/v2-1c6e426a29c8a04b64fe952b934020ed_r.jpg?source=1940ef5c', 'https://pic1.zhimg.com/v2-eb9a827945133ff229c0d96afab60933_r.jpg?source=1940ef5c', 'https://pic4.zhimg.com/v2-95fc97543437b70f7443313a61fd8bf6_r.jpg?source=1940ef5c', 'https://pic4.zhimg.com/v2-0513f96e3b46478ddf439a86b297adc6_r.jpg?source=1940ef5c', 'https://pic1.zhimg.com/v2-7719f5775b8da46791f6ccdbcc433f47_r.jpg?source=1940ef5c', 'https://pic4.zhimg.com/v2-230d3e1c2ca9dd3dc970270c6a11af17_r.jpg?source=1940ef5c', 'https://pic4.zhimg.com/v2-cf2130aaa2464d25065be5827257c99a_r.jpg?source=1940ef5c', 'https://pic1.zhimg.com/v2-091b2c9c21ba1103195edd52c42ad69b_r.jpg?source=1940ef5c', 'https://pic4.zhimg.com/v2-bc9e390ca7b3a9036a8eb8c9132e8abc_r.jpg?source=1940ef5c', 'https://pic1.zhimg.com/v2-47064825c0088565a581af19b142e69d_r.jpg?source=1940ef5c', 'https://pic2.zhimg.com/v2-68d2ac1b5fbe23e343af7bca7df7f6e1_r.jpg?source=1940ef5c', 'https://pic1.zhimg.com/v2-26421f6ee58a807d450abccc88704db3_r.jpg?source=1940ef5c', 'https://pic2.zhimg.com/v2-2b6cf9913d68df355f93f5d9bb98fc1e_r.jpg?source=1940ef5c', 'https://pic4.zhimg.com/v2-2e1d68c8a94c801dd4077e111061dbcd_r.jpg?source=1940ef5c', 'https://pic1.zhimg.com/v2-1926cc352a766ae480780ebfcea75ce3_r.jpg?source=1940ef5c', 'https://pic2.zhimg.com/v2-5a8f80305204f5b2f388dfeb71f49456_r.jpg?source=1940ef5c', 'https://pic2.zhimg.com/v2-8feeb826e64b0f12c5f6a50e03aa93bb_r.jpg?source=1940ef5c', 'https://pic4.zhimg.com/v2-0d7315a1a07f0683c5f3b7a026d259a9_r.jpg?source=1940ef5c', 'https://pic2.zhimg.com/v2-d9a6d8c0667e73c2374d176f80f5c753_r.jpg?source=1940ef5c', 'https://pic2.zhimg.com/v2-32b0ca045061b26026cca1d173c836b3_r.jpg?source=1940ef5c', 'https://pic1.zhimg.com/v2-58492892320d7ddd3426eef4f161754c_r.jpg?source=1940ef5c', 'https://pic2.zhimg.com/v2-094ffbf4733e209c016ac6ca13580288_r.jpg?source=1940ef5c', 'https://pic4.zhimg.com/v2-192425087a68bba4c3f40ca718e7d3e1_r.jpg?source=1940ef5c', 'https://pic4.zhimg.com/v2-4b242dfbe94ff1472095fd5cece7c83b_r.jpg?source=1940ef5c', 'https://pic4.zhimg.com/v2-830b966fbaed8bb679fee580ad1e2a46_r.jpg?source=1940ef5c', 'https://pic4.zhimg.com/v2-8f3abe15d627bf4c64ef7c70e7d44a0e_r.jpg?source=1940ef5c', 'https://pic4.zhimg.com/v2-7886d8ad412131d9b5dffc8db283a5dc_r.jpg?source=1940ef5c', 'https://pic3.zhimg.com/v2-45a1d39a340fd6ad61b6d5feecc2f2aa_r.jpg?source=1940ef5c', 'https://pic4.zhimg.com/v2-c921da91edcd4ae7d595e4b393e9a105_r.jpg?source=1940ef5c', 'https://pic2.zhimg.com/v2-ccafaf2b344280c1655e61eff1bc8dd5_r.jpg?source=1940ef5c', 'https://pic1.zhimg.com/v2-89f44c8bca8306b12335f393227ade6b_r.jpg?source=1940ef5c', 'https://pic1.zhimg.com/v2-d13ec2f4a7db4293e78e5cfa1070e907_r.jpg?source=1940ef5c', 'https://pic2.zhimg.com/v2-a1f9753d39ae01b74d109bc8f4310e6b_r.jpg?source=1940ef5c', 'https://pic1.zhimg.com/v2-7863de81ec9f5c5150683a15705b6ac6_r.jpg?source=1940ef5c', 'https://pic2.zhimg.com/v2-028dbcb67615e5da419519ac627a18cd_r.jpg?source=1940ef5c', 'https://pic3.zhimg.com/v2-25fd70e1557b1cb242c8bf85facc7885_r.jpg?source=1940ef5c', 'https://pic3.zhimg.com/v2-4418787316abdaccfb065e3c604d2f44_r.jpg?source=1940ef5c', 'https://pic1.zhimg.com/v2-cfe16765b967892dcb639f0aea11d98d_r.jpg?source=1940ef5c', 'https://pic4.zhimg.com/v2-b9be3522359559010b2f30024ded279a_r.jpg?source=1940ef5c', 'https://pic4.zhimg.com/v2-07b612938501c106090f5c5fcabfc959_r.jpg?source=1940ef5c', 'https://pic2.zhimg.com/v2-18db0c3da8ab47b643af0ed1e36ca345_r.jpg?source=1940ef5c', 'https://pic1.zhimg.com/v2-55251f80947e85c1aa30d303704b1449_r.jpg?source=1940ef5c', 'https://pic1.zhimg.com/v2-4ca99fb20a6ed10a08094a2fe0b6331f_r.jpg?source=1940ef5c', 'https://pic1.zhimg.com/v2-ae023510e38625d6b0f25d39ecb0089c_r.jpg?source=1940ef5c', 'https://pic1.zhimg.com/v2-57435e9547e59a97ac78b64d99380551_r.jpg?source=1940ef5c', 'https://pic1.zhimg.com/v2-d5ce283199ef9c49f8ee1d20554cf7e7_r.jpg?source=1940ef5c', 'https://pic1.zhimg.com/v2-15ef3b6843f77019140ef4524720c0e8_r.jpg?source=1940ef5c', 'https://pic4.zhimg.com/v2-574a4c1bc333af1284766cd14cf29fd5_r.jpg?source=1940ef5c', 'https://pic3.zhimg.com/v2-c786651f11683d15d55d4261ba9223f8_r.jpg?source=1940ef5c', 'https://pic1.zhimg.com/v2-ad76b66132ae4661b8809d37aeaf3457_r.jpg?source=1940ef5c', 'https://pic2.zhimg.com/v2-f180b37c1e46e5880cd12d1b4534cb47_r.jpg?source=1940ef5c', 'https://pic4.zhimg.com/v2-0abc5e0a5a83df4335027d637d02b56d_r.jpg?source=1940ef5c', 'https://pic2.zhimg.com/v2-865f373889995a00d25964802ca9933e_r.jpg?source=1940ef5c', 'https://pic4.zhimg.com/v2-e2191c8b3c3c2aa520455a67205cadcd_r.jpg?source=1940ef5c', 'https://pic2.zhimg.com/v2-6d1fad87bd000c4fa7abb396ab14e1db_r.jpg?source=1940ef5c', 'https://pic2.zhimg.com/v2-b09e7238faf891753c9fd630d6164e09_r.jpg?source=1940ef5c', 'https://pic4.zhimg.com/v2-7aee17715a13453f92b5b89646d56f37_r.jpg?source=1940ef5c', 'https://pic2.zhimg.com/v2-58822e87c5aded9b2c30c1bd29b413da_r.jpg?source=1940ef5c', 'https://pic2.zhimg.com/v2-9439edda36b4f0e3772355aaa0197a81_r.jpg?source=1940ef5c', 'https://pic2.zhimg.com/v2-10edd224b1c47d493c82cb934b9fe8d7_r.jpg?source=1940ef5c', 'https://pic1.zhimg.com/v2-f67f06bdeb29e517391e4335e4c7094f_r.jpg?source=1940ef5c', 'https://pic2.zhimg.com/v2-9b6446803309b3188363192b9e1a773c_r.jpg?source=1940ef5c', 'https://pic4.zhimg.com/v2-92bb39fe181bc3b7de5aff95610a93e3_r.jpg?source=1940ef5c', 'https://pic1.zhimg.com/v2-a2c7ff87a61d2697438fac9042874631_r.jpg?source=1940ef5c', 'https://pic2.zhimg.com/v2-44998948e6a55965a5327aedfe5c0707_r.jpg?source=1940ef5c', 'https://pic4.zhimg.com/v2-656ba29c4c54e81ebeb8323936730673_r.jpg?source=1940ef5c', 'https://pic2.zhimg.com/v2-491001846447c791c24c4e4166ca6eb8_r.jpg?source=1940ef5c', 'https://pic1.zhimg.com/v2-9c0ba7b4ba8b0b7693409542f03a182f_r.jpg?source=1940ef5c', 'https://pic1.zhimg.com/v2-c987a52d2256c950597b990d2e4afdee_r.jpg?source=1940ef5c', 'https://pic4.zhimg.com/v2-1f5901a684c98322b05faf6520fc6162_r.jpg?source=1940ef5c', 'https://pic1.zhimg.com/v2-8d49efe5a2704ed95330d83d993f1c38_r.jpg?source=1940ef5c', 'https://pic4.zhimg.com/v2-ae1fa786e7bbd42f5e3bc95cab6eb064_r.jpg?source=1940ef5c', 'https://pic2.zhimg.com/v2-1f98b1f176e8b7ba606cff814e883618_r.jpg?source=1940ef5c', 'https://pic4.zhimg.com/v2-bee88764f2f49bd53d2d13e6ffd2e684_r.jpg?source=1940ef5c', 'https://pic2.zhimg.com/v2-e766e351ac25375553c4b23ee2d71bc4_r.jpg?source=1940ef5c', 'https://pic1.zhimg.com/v2-e78ebcf12e761a4d885a0c41a69446c4_r.jpg?source=1940ef5c', 'https://pic4.zhimg.com/v2-e6bcdc49eeb98aef58070d3112350adb_r.jpg?source=1940ef5c', 'https://pic1.zhimg.com/v2-cb037f5bbf23e44e379b034f744805a3_r.jpg?source=1940ef5c', 'https://pic1.zhimg.com/v2-7ee01411621820c107204bce7235fb5b_r.jpg?source=1940ef5c', 'https://pic1.zhimg.com/v2-6ccbccc24a9a2515c69f8bbc7cb8a538_r.jpg?source=1940ef5c', 'https://pic4.zhimg.com/v2-486780eb20d19ae37d75219b52e5b8b9_r.jpg?source=1940ef5c', 'https://pic4.zhimg.com/v2-c06dd8fc3f799f726bdcaa326bd9fa35_r.jpg?source=1940ef5c', 'https://pic4.zhimg.com/v2-3a4297aac45143dc00cdeb00838fa34f_r.jpg?source=1940ef5c', 'https://pic2.zhimg.com/v2-418ab6b5669b53e872dd8a3fc5c5dabd_r.jpg?source=1940ef5c', 'https://pic4.zhimg.com/v2-a4860d94fbfc6d2e45057d93edea7124_r.jpg?source=1940ef5c', 'https://pic4.zhimg.com/v2-af6cbe8c3a6004eedb2ac527833628fe_r.jpg?source=1940ef5c', 'https://pic1.zhimg.com/v2-c29b74d240ed5833b91c2cc01b514350_r.jpg?source=1940ef5c', 'https://pic4.zhimg.com/v2-c808cc39be3673f1eca3af188e970ab9_r.jpg?source=1940ef5c', 'https://pic1.zhimg.com/v2-289891d00210ff528d5db214cd7038eb_r.jpg?source=1940ef5c', 'https://pic2.zhimg.com/v2-1a5d906debb2bef95ea6d0760344ca3e_r.jpg?source=1940ef5c', 'https://pic4.zhimg.com/v2-69a315a8658aa9bef74f92fdb67052a8_r.jpg?source=1940ef5c', 'https://pic4.zhimg.com/v2-e05db72e97489b70d1ea56fd36e0a16c_r.jpg?source=1940ef5c', 'https://pic1.zhimg.com/v2-05f5f76142b24e612ed3527c7dac3e83_r.jpg?source=1940ef5c', 'https://pic1.zhimg.com/v2-90ea521a5d94d9febfff1fdccbb238e6_r.jpg?source=1940ef5c', 'https://pic1.zhimg.com/v2-c8175a6eacf35ef163f624749facd6b3_r.jpg?source=1940ef5c', 'https://pic3.zhimg.com/v2-4cdb499b72970ac98ad6f715ba5648b0_r.jpg?source=1940ef5c', 'https://pic1.zhimg.com/v2-a109b95f152a04403cc93f6ecf329b44_r.jpg?source=1940ef5c', 'https://pic1.zhimg.com/v2-9eceb1041ee13c5cc23587f0acb66e40_r.jpg?source=1940ef5c', 'https://pic2.zhimg.com/v2-1412c03c65078fdaf3b4d12cab30f8a5_r.jpg?source=1940ef5c', 'https://pic1.zhimg.com/v2-cc4d419d449ca89c4a36b2e26b4ed61e_r.jpg?source=1940ef5c', 'https://pic3.zhimg.com/v2-d816f9fb273f61a27d27caecd0413eac_r.jpg?source=1940ef5c', 'https://pic2.zhimg.com/v2-dedfe5f53424f4a91b5910c0e2b5cbe3_r.jpg?source=1940ef5c', 'https://pic2.zhimg.com/v2-e7937c1a47e41bdc28aad7a1f18f37aa_r.jpg?source=1940ef5c', 'https://pic3.zhimg.com/v2-0600f1e6abb55467d24446017d39fb76_r.jpg?source=1940ef5c', 'https://pic4.zhimg.com/v2-a9679b0283ebe2eaefdbbbc5b9f8d65f_r.jpg?source=1940ef5c', 'https://pic4.zhimg.com/v2-0c39f4e82829766da2477e919ec006df_r.jpg?source=1940ef5c', 'https://pic4.zhimg.com/v2-77728e438912174917447cee1c438794_r.jpg?source=1940ef5c', 'https://pic1.zhimg.com/v2-7de1e0b885eedb0b51d5e80bca10a984_r.jpg?source=1940ef5c', 'https://pic4.zhimg.com/v2-dcb80f13d2fb4e697eac0f78fbb721f8_r.jpg?source=1940ef5c', 'https://pic1.zhimg.com/v2-47f4d91697111baa20440771929fb849_r.jpg?source=1940ef5c', 'https://pic2.zhimg.com/v2-d2de8026250f2fb3febda822db4585e0_r.jpg?source=1940ef5c', 'https://pic1.zhimg.com/v2-a0512e57ef9455d217c51e0dbcd1ba07_r.jpg?source=1940ef5c', 'https://pic1.zhimg.com/v2-d52ee082e303ec299a14782969b81bf7_r.jpg?source=1940ef5c', 'https://pic4.zhimg.com/v2-c0e67ea72ff212e7e380d8677709bd62_r.jpg?source=1940ef5c', 'https://pic1.zhimg.com/v2-665b48a7b9b9a9437ba0d90516b4ab1b_r.jpg?source=1940ef5c', 'https://pic4.zhimg.com/v2-b506c412097cfb1d27d1b405a1cf5cae_r.jpg?source=1940ef5c', 'https://pic4.zhimg.com/v2-dbdafbd5651624d27cf05ffa79cfe1f4_r.jpg?source=1940ef5c', 'https://pic4.zhimg.com/v2-0a0adfbb471e1a289ad942c89623ca59_r.jpg?source=1940ef5c', 'https://pic1.zhimg.com/v2-a78ccea766756910d236d7da40f1dc71_r.jpg?source=1940ef5c', 'https://pic4.zhimg.com/v2-71a97adf7404d4765f3cbe978ba2845b_r.jpg?source=1940ef5c', 'https://pic4.zhimg.com/v2-30222bbbc924885b44e68e6dd56624dd_r.jpg?source=1940ef5c', 'https://pic4.zhimg.com/v2-08a54300503305ff9ade82f03095dbc1_r.jpg?source=1940ef5c', 'https://pic1.zhimg.com/v2-89d612ef1a999ccd580f74f052bbd57d_r.jpg?source=1940ef5c', 'https://pic2.zhimg.com/v2-89091e61fe4f1439697ad18707a9865b_r.jpg?source=1940ef5c', 'https://pic4.zhimg.com/v2-b8fa2896f950e38d031dbdbc9d68edde_r.jpg?source=1940ef5c', 'https://pic4.zhimg.com/v2-bde95207fbc52b6b1c338c4a27dc0017_r.jpg?source=1940ef5c', 'https://pic2.zhimg.com/v2-7f1539231576c2f9014c995558dc0867_r.jpg?source=1940ef5c', 'https://pic3.zhimg.com/v2-50db8fb2f85335472377a56164e60109_r.jpg?source=1940ef5c', 'https://pic1.zhimg.com/v2-6701163529d06761cf04d9767c4a973a_r.jpg?source=1940ef5c', 'https://pic1.zhimg.com/v2-200daf1f761e8ee4bbb1f1fa30790767_r.jpg?source=1940ef5c', 'https://pic2.zhimg.com/v2-cf1db46c7d0c4dc990bdce1d2e0102ee_r.jpg?source=1940ef5c', 'https://pic1.zhimg.com/v2-54e4eca577b1b0d7123ce419bb6b9197_r.jpg?source=1940ef5c', 'https://pic1.zhimg.com/v2-2021fd09e20e368e989aa185f042e490_r.jpg?source=1940ef5c', 'https://pic2.zhimg.com/v2-c520cd58dfc9bea47ccdc1efc38bde0b_r.jpg?source=1940ef5c', 'https://pic2.zhimg.com/v2-6d29a9dd9e70c7332d87bb3075d147ea_r.jpg?source=1940ef5c', 'https://pic3.zhimg.com/v2-57a39d4a7d0fb13e8ac9e768b63fbcc4_r.jpg?source=1940ef5c', 'https://pic1.zhimg.com/v2-5ba8ec89e22a948c6bdb5e51176a2083_r.jpg?source=1940ef5c', 'https://pic1.zhimg.com/v2-ce6db113a30695ca7cf3867ed37bf5c3_r.jpg?source=1940ef5c', 'https://pic2.zhimg.com/v2-87132dde75f4a2326b0e8e457382e8ed_r.jpg?source=1940ef5c', 'https://pic1.zhimg.com/v2-54e4eca577b1b0d7123ce419bb6b9197_r.jpg?source=1940ef5c', 'https://pic1.zhimg.com/v2-c3b1009340a10a4fcce7d414d63e13b2_r.jpg?source=1940ef5c', 'https://pic2.zhimg.com/v2-54ab4ece565ab83b730365a9f040088a_r.jpg?source=1940ef5c', 'https://pic1.zhimg.com/v2-e1785add8abfcab3137b83e0c52735a1_r.jpg?source=1940ef5c', 'https://pic1.zhimg.com/v2-63a69b77910da55de85c1e755fa632f9_r.jpg?source=1940ef5c', 'https://pic2.zhimg.com/v2-223fe94a0b8704bcbe508cb01f0bbda5_r.jpg?source=1940ef5c', 'https://pic1.zhimg.com/v2-59f6bdf72d720fb7c395db7f04edde94_r.jpg?source=1940ef5c', 'https://pic2.zhimg.com/v2-6faca6a70e96ef825f5e2a29eb8e0c1e_r.jpg?source=1940ef5c', 'https://pic2.zhimg.com/v2-bdbd32dd46ea15ad5758381f8e28e91c_r.jpg?source=1940ef5c', 'https://pic4.zhimg.com/v2-5519b4a6d733f3022d0f7583973413b9_r.jpg?source=1940ef5c', 'https://pic1.zhimg.com/v2-c05178d0c3c500a5253a8657741ed301_r.jpg?source=1940ef5c', 'https://pic4.zhimg.com/v2-f985208feb20326351359c4b6fa3a70e_r.jpg?source=1940ef5c', 'https://pic2.zhimg.com/v2-85f82b9649b662886fcef8d98deab339_r.jpg?source=1940ef5c', 'https://pic1.zhimg.com/v2-4c0d67bde30beb50044c39c18d9b906d_r.jpg?source=1940ef5c', 'https://pic4.zhimg.com/v2-29907632adfc7e79d60d8d2327f4e36c_r.jpg?source=1940ef5c', 'https://pic1.zhimg.com/v2-adfc14437001ce83a689c580ffa80760_r.jpg?source=1940ef5c', 'https://pic1.zhimg.com/v2-11ff178b763902cbc703ef85a1475b6a_r.jpg?source=1940ef5c', 'https://pic1.zhimg.com/v2-3efc339de2542e5cb044796939015d89_r.jpg?source=1940ef5c', 'https://pic1.zhimg.com/v2-503cbc80f1234ed97f3a6ea32e3498f8_r.jpg?source=1940ef5c', 'https://pic3.zhimg.com/v2-65de623b372919b171160181dad24651_r.jpg?source=1940ef5c', 'https://pic1.zhimg.com/v2-fba23e046e20e9cc8597ccd78944caf7_r.jpg?source=1940ef5c', 'https://pic2.zhimg.com/v2-d5823e67b4dcfeb32ffb5c443f22e822_r.jpg?source=1940ef5c', 'https://pic1.zhimg.com/v2-3ecddece4490716b5d868affe4c4ac4a_r.jpg?source=1940ef5c', 'https://pic3.zhimg.com/v2-2742298371f679ffdb56460923fea8a2_r.jpg?source=1940ef5c', 'https://pic4.zhimg.com/v2-e3534442df2ad33c02ab2acdf79dbef0_r.jpg?source=1940ef5c', 'https://pic1.zhimg.com/v2-d9698c84e632339390cac76e1a4f9e0c_r.jpg?source=1940ef5c', 'https://pic1.zhimg.com/v2-d0c70d455b992308c88318f74405e99d_r.jpg?source=1940ef5c', 'https://pic2.zhimg.com/v2-f9ccc72d448cdc3dbe01f41161c74bda_r.jpg?source=1940ef5c', 'https://pic3.zhimg.com/v2-283a253390b23afad3615f41e9d4e959_r.jpg?source=1940ef5c', 'https://pic1.zhimg.com/v2-13ebdca4118a76047bbdcfdf3ee03fe8_r.jpg?source=1940ef5c', 'https://pic1.zhimg.com/v2-4dfebb227cc55c11b71874d20e5bd9f3_r.jpg?source=1940ef5c', 'https://pic2.zhimg.com/v2-b79ccd9d0a12a323f47401e0064a5e42_r.jpg?source=1940ef5c', 'https://pic4.zhimg.com/v2-3752a9177cf7e1c54c0e852f27cf5c41_r.jpg?source=1940ef5c', 'https://pic4.zhimg.com/v2-81b67de294ab256f20849f9bc9fff0b2_r.jpg?source=1940ef5c', 'https://pic2.zhimg.com/v2-1c1ded48de29d71a51fb4a9cef6721f6_r.jpg?source=1940ef5c', 'https://pic1.zhimg.com/v2-5e62a1d02763a066bde8c26ee4a3c4d7_r.jpg?source=1940ef5c', 'https://pic1.zhimg.com/v2-31117f6fe420d15ff53717c5b084f85a_r.jpg?source=1940ef5c', 'https://pic2.zhimg.com/v2-83a51459561afb49bae5f02c25036a85_r.jpg?source=1940ef5c', 'https://pic1.zhimg.com/v2-8a982b2a6a30cebf525b206b044ceeca_r.jpg?source=1940ef5c', 'https://pic4.zhimg.com/v2-2ad6569d830b7fa46afa46f6a3a1ae3c_r.jpg?source=1940ef5c', 'https://pic2.zhimg.com/v2-e7853505499dba93ecba0c29d7e4535c_r.jpg?source=1940ef5c', 'https://pic4.zhimg.com/v2-82eac476f0836daba562540e56f6bb03_r.jpg?source=1940ef5c', 'https://pic2.zhimg.com/v2-f702f2f8da38cdd2e32480049da713a7_r.jpg?source=1940ef5c', 'https://pic1.zhimg.com/v2-32de0d336f4218f069a516815d84d849_r.jpg?source=1940ef5c', 'https://pic2.zhimg.com/v2-fb15e2866deade1286a584ed5c264ddf_r.jpg?source=1940ef5c', 'https://pic4.zhimg.com/v2-c6e767aa718b79c21ebadec3c78ed266_r.jpg?source=1940ef5c', 'https://pic1.zhimg.com/v2-63bf129dbb9269f287a6b567bfc63b94_r.jpg?source=1940ef5c', 'https://pic1.zhimg.com/v2-3aec04cb432cc367b118b73badeddc7b_r.jpg?source=1940ef5c', 'https://pic2.zhimg.com/v2-c3bbfd350176cd8a6e3d907de0962502_r.jpg?source=1940ef5c', 'https://pic1.zhimg.com/v2-326bf9e462b315523e801eef44d2030c_r.jpg?source=1940ef5c', 'https://pic4.zhimg.com/v2-5545fdc2ec63f85577c22ddec2179bf1_r.jpg?source=1940ef5c', 'https://pic1.zhimg.com/v2-237822c4e31ee1f6dacb1721a9ed8156_r.jpg?source=1940ef5c', 'https://pic1.zhimg.com/v2-19289debe0f315e2d2b70b1c18ce7a6d_r.jpg?source=1940ef5c', 'https://pic1.zhimg.com/v2-396d4af22270f35267fa1eb78aa99143_r.jpg?source=1940ef5c', 'https://pic2.zhimg.com/v2-d4bf899a6174ee4da3b44961bcd08c45_r.jpg?source=1940ef5c', 'https://pic2.zhimg.com/v2-3bdfa847ad507bd87c13c8bc23aa96c8_r.jpg?source=1940ef5c', 'https://pic4.zhimg.com/v2-923fb77351c85cf145d64c024b0e2c42_r.jpg?source=1940ef5c', 'https://pic1.zhimg.com/v2-0a53311db7c37f1711759856ae5ac1f7_r.jpg?source=1940ef5c', 'https://pic4.zhimg.com/v2-c65d6ca8399e859cadc95417ac85c7f1_r.jpg?source=1940ef5c', 'https://pic4.zhimg.com/v2-0cf5c4fbc9dea8f343d35530c408be56_r.jpg?source=1940ef5c', 'https://pic4.zhimg.com/v2-9e6b8d57c90f4e261ba2a8b19ec3c2c2_r.jpg?source=1940ef5c', 'https://pic2.zhimg.com/v2-36194e5afff52c706a8e2e7b2983fe40_r.jpg?source=1940ef5c', 'https://pic1.zhimg.com/v2-cae6b9265bfd85594e019ed60ec991e1_r.jpg?source=1940ef5c', 'https://pic4.zhimg.com/v2-8df0323af48293d4d77f98bb5a16f50c_r.jpg?source=1940ef5c', 'https://pic1.zhimg.com/v2-7f953d85ee0b66d91427a56e53a35be1_r.jpg?source=1940ef5c', 'https://pic3.zhimg.com/v2-99597a2051fd8d3aa9674b6261d1a2fe_r.jpg?source=1940ef5c', 'https://pic1.zhimg.com/v2-40121ff7ee9b53c7bf150474c41f6fbf_r.jpg?source=1940ef5c', 'https://pic2.zhimg.com/v2-4579f3d63a76dad49a350445d38bd117_r.jpg?source=1940ef5c', 'https://pic1.zhimg.com/v2-b786eab06dfadbbd7f81a55aa145ec82_r.jpg?source=1940ef5c', 'https://pic2.zhimg.com/v2-99bdcf651b86072c715f35f41c51046d_r.jpg?source=1940ef5c', 'https://pic4.zhimg.com/v2-b33ea959c4cb57f0f3135dad160198ab_r.jpg?source=1940ef5c', 'https://pic1.zhimg.com/v2-e9787d05fd4e21d754f771b8655b4b45_r.jpg?source=1940ef5c', 'https://pic4.zhimg.com/v2-93ab9e7bff7f64d05c7b04148a5ac7d1_r.jpg?source=1940ef5c', 'https://pic2.zhimg.com/v2-4e8274a8c5201dc6c2a2b8b9aba3ae3f_r.jpg?source=1940ef5c', 'https://pic1.zhimg.com/v2-090c9b568fd28f3659c726a2b613627b_r.jpg?source=1940ef5c', 'https://pic2.zhimg.com/v2-6a65b6ac999d20504ca4f9e05b37ee36_r.jpg?source=1940ef5c', 'https://pic2.zhimg.com/v2-d961d5dffb2dbbcf7d6ac33e679aa755_r.jpg?source=1940ef5c', 'https://pic1.zhimg.com/v2-01c6daee64c343c893eb56ab04cae29d_r.jpg?source=1940ef5c', 'https://pic1.zhimg.com/v2-5ccc13df996201276b3f6ff610f334a3_r.jpg?source=1940ef5c', 'https://pic1.zhimg.com/v2-27e4690fc6f170417e1ea0da3852fb27_r.jpg?source=1940ef5c', 'https://pic2.zhimg.com/v2-1b7da6faaa74bdec3f4c3b1f776e8546_r.jpg?source=1940ef5c', 'https://pic4.zhimg.com/v2-02716f7ba3c368e87a4a301a3c3519dc_r.jpg?source=1940ef5c', 'https://pic1.zhimg.com/v2-fb6f5cbe4945e5e22112157dcd60280b_r.jpg?source=1940ef5c', 'https://pic1.zhimg.com/v2-9c69c36305a19575bcb5faa976c5a8fc_r.jpg?source=1940ef5c', 'https://pic4.zhimg.com/v2-992775d24fcc6bae0725fd41f135da54_r.jpg?source=1940ef5c', 'https://pic3.zhimg.com/v2-0c22976c0c08699d825bcd04451a3ee7_r.jpg?source=1940ef5c', 'https://pic2.zhimg.com/v2-bf46a8d2f87cd4987304f58691c67557_r.jpg?source=1940ef5c', 'https://pic2.zhimg.com/v2-69e8c01b32b265ae24d3cf478a82c77a_r.jpg?source=1940ef5c', 'https://pic1.zhimg.com/v2-0894052ae393ee594a3e8a00193ee11b_r.jpg?source=1940ef5c', 'https://pic2.zhimg.com/v2-b71899018e0d1c9bcd59d71b65f82243_r.jpg?source=1940ef5c', 'https://pic1.zhimg.com/v2-d494b9c1cd2381acd7caec4c5328e1d1_r.jpg?source=1940ef5c', 'https://pic4.zhimg.com/v2-d83e3cd03ea88400efa8eacca288d719_r.jpg?source=1940ef5c', 'https://pic1.zhimg.com/v2-1cf433f555a185f1b7945fdb0ee211ae_r.jpg?source=1940ef5c', 'https://pic1.zhimg.com/v2-7f0a7ca05b83875378a1ee1d6cf9ef98_r.jpg?source=1940ef5c', 'https://pic2.zhimg.com/v2-6be2f28e1800f8aa9aaa5b2f39143fd3_r.jpg?source=1940ef5c', 'https://pic1.zhimg.com/v2-fb00b09d2fc5b4b9becdef5780e353a6_r.jpg?source=1940ef5c', 'https://pic1.zhimg.com/v2-be80a3299ad4b0f4087106b9ed98c9f4_r.jpg?source=1940ef5c', 'https://pic4.zhimg.com/v2-defef5fea2e38143581c95d03fbc1408_r.jpg?source=1940ef5c', 'https://pic2.zhimg.com/v2-75124a31c210f80578b319412aca92cb_r.jpg?source=1940ef5c', 'https://pic1.zhimg.com/v2-9aa5e0b6c01945b0c4390cef1a52996e_r.jpg?source=1940ef5c', 'https://pic1.zhimg.com/v2-d3aa0e242389e27c6d2de3b1908aac4d_r.jpg?source=1940ef5c', 'https://pic1.zhimg.com/v2-fb0ac965bfc5260e2813f5e12b2366aa_r.jpg?source=1940ef5c', 'https://pic1.zhimg.com/v2-0218c69372fac78fed873d4526cd7243_r.jpg?source=1940ef5c', 'https://pic4.zhimg.com/v2-eaab26bc1510a2a6c8fc19176e8626c4_r.jpg?source=1940ef5c', 'https://pic2.zhimg.com/v2-2606b1c8ceb65e6a546413b8367e07d2_r.jpg?source=1940ef5c', 'https://pic1.zhimg.com/v2-de38822dcd7f1668fac5ecae5c8f1f43_r.jpg?source=1940ef5c', 'https://pic4.zhimg.com/v2-cfd07b0c5a5b8768e4023945c04ff360_r.jpg?source=1940ef5c', 'https://pic1.zhimg.com/v2-b26b005e42ebb3a104aa4991df0dd594_r.jpg?source=1940ef5c', 'https://pic3.zhimg.com/v2-2ba9ff2db8f45e135e25b87001e00be6_r.jpg?source=1940ef5c', 'https://pic2.zhimg.com/v2-00d97efe19377d03ddc6a78c43efc671_r.jpg?source=1940ef5c', 'https://pic3.zhimg.com/v2-4c39ffbd3da9dbd603dcf04c08da1122_r.jpg?source=1940ef5c', 'https://pic2.zhimg.com/v2-a8008ed3db1d22c623c85e1914bb6f84_r.jpg?source=1940ef5c', 'https://pic2.zhimg.com/v2-8e87bcd27db4a2e933c283c56b4d5d32_r.jpg?source=1940ef5c', 'https://pic1.zhimg.com/v2-57c8979196e473527fc23f49c6933e81_r.jpg?source=1940ef5c', 'https://pic1.zhimg.com/v2-afb872466c004d4fbb2c6410c63337ef_r.jpg?source=1940ef5c', 'https://pic4.zhimg.com/v2-b345bf6a447138b0d3308d9fccfcea2a_r.jpg?source=1940ef5c', 'https://pic2.zhimg.com/v2-4f0c7ccc1977b8770fc52f3b91bcd924_r.jpg?source=1940ef5c', 'https://pic2.zhimg.com/v2-eb83b18d6b232a88dd68c113fcd1b251_r.jpg?source=1940ef5c', 'https://pic4.zhimg.com/v2-d7e59c1c7328736a9296f7c6e50399a9_r.jpg?source=1940ef5c', 'https://pic4.zhimg.com/v2-46e27f21838df5c17de85665dd4d051c_r.jpg?source=1940ef5c', 'https://pic4.zhimg.com/v2-67e4c97ac0489e9c44d8a92ea2b40c4b_r.jpg?source=1940ef5c', 'https://pic4.zhimg.com/v2-bdcce79b1a03e96639dcb834a107b62f_r.jpg?source=1940ef5c', 'https://pic1.zhimg.com/v2-52c04fedfdfac9533ba2af1c5a031937_r.jpg?source=1940ef5c', 'https://pic4.zhimg.com/v2-2c27c09a8b64e3a8bc2eeb1342f10d9d_r.jpg?source=1940ef5c', 'https://pic1.zhimg.com/v2-5ad9f73c24e980743b3537883e441f28_r.jpg?source=1940ef5c', 'https://pic4.zhimg.com/v2-007ed047be62f6d8f8d9b85a7d2d4cc7_r.jpg?source=1940ef5c', 'https://pic3.zhimg.com/v2-97e927deb23446f687dbb3f6e7c30208_r.jpg?source=1940ef5c', 'https://pic2.zhimg.com/v2-e8606f7d202da905ce3406a5a36eba12_r.jpg?source=1940ef5c', 'https://pic4.zhimg.com/v2-c081aa4a58c282c87cce9c9a62242055_r.jpg?source=1940ef5c', 'https://pic1.zhimg.com/v2-b6f8ab37b731e5a1f0121f55c4eecb7f_r.jpg?source=1940ef5c', 'https://pic1.zhimg.com/v2-4af4886213f8eff46675765ca54a9e50_r.jpg?source=1940ef5c', 'https://pic4.zhimg.com/v2-6046e0143e67be80de12d24cc16ac03c_r.jpg?source=1940ef5c', 'https://pic2.zhimg.com/v2-d908de11e44b68156cd7c6e59144a66a_r.jpg?source=1940ef5c', 'https://pic2.zhimg.com/v2-3aec04cb432cc367b118b73badeddc7b_r.jpg?source=1940ef5c', 'https://pic3.zhimg.com/v2-ecb9c4d657b843ae787180f3b0a5f932_r.jpg?source=1940ef5c', 'https://pic2.zhimg.com/v2-cc85b0bd52681d95212e68c3dca23be3_r.jpg?source=1940ef5c', 'https://pic4.zhimg.com/v2-4fe8ef51b4dcad6854479a5a4b70f8bb_r.jpg?source=1940ef5c', 'https://pic1.zhimg.com/v2-10057a15abdfa9b7cb86ed3aa17f2ba3_r.jpg?source=1940ef5c', 'https://pic1.zhimg.com/v2-d5cae51af23aeecefadf9a022e31861a_r.jpg?source=1940ef5c', 'https://pic2.zhimg.com/v2-efff38f9a7186703bf9eb7077dabd106_r.jpg?source=1940ef5c', 'https://pic1.zhimg.com/v2-e60ffde960ab8033eb36e3710b76e658_r.jpg?source=1940ef5c', 'https://pic2.zhimg.com/v2-4c97673973d8fc54efe61365ff1a3a50_r.jpg?source=1940ef5c', 'https://pic4.zhimg.com/v2-bf01e48afde3c65dc68d784d6c119f69_r.jpg?source=1940ef5c', 'https://pic1.zhimg.com/v2-5cee96b02bc3830fab29cda0e9339758_r.jpg?source=1940ef5c', 'https://pic1.zhimg.com/v2-e52cdc9e0864bee39b76dc1ea7aab7d8_r.jpg?source=1940ef5c', 'https://pic2.zhimg.com/v2-9d624119d9f94892695f6bc1aa38fec1_r.jpg?source=1940ef5c', 'https://pic1.zhimg.com/v2-53cade1bf9a40b5fd71b3a5b190e659b_r.jpg?source=1940ef5c', 'https://pic4.zhimg.com/v2-3b39f803600ae36fb3a960a2176813ab_r.jpg?source=1940ef5c', 'https://pic2.zhimg.com/v2-c67208f11f6551254daae991729e4c8c_r.jpg?source=1940ef5c', 'https://pic2.zhimg.com/v2-73459ac38f1412d18060a1bc64633deb_r.jpg?source=1940ef5c', 'https://pic4.zhimg.com/v2-5c2c04a9f66712ec0c1a840db32849e0_r.jpg?source=1940ef5c', 'https://pic4.zhimg.com/v2-984492dfae55394e1ef2c1f5d7277012_r.jpg?source=1940ef5c', 'https://pic1.zhimg.com/v2-aa08f7eed66c3e30d85a3f109ac92ecc_r.jpg?source=1940ef5c', 'https://pic1.zhimg.com/v2-22c53dac6a51f7eb5926c8937c3b9d30_r.jpg?source=1940ef5c', 'https://pic2.zhimg.com/v2-09ea0782fecdfcba6aabded30b558667_r.jpg?source=1940ef5c', 'https://pic4.zhimg.com/v2-5cc51fbc35e13fc54b5139c9ca742829_r.jpg?source=1940ef5c', 'https://pic4.zhimg.com/v2-2e4b2b8aa7c5fc1bb6d028fe85e1cdb4_r.jpg?source=1940ef5c', 'https://pic4.zhimg.com/v2-409ff5b6db58da024ff21920f4ed6de1_r.jpg?source=1940ef5c', 'https://pic2.zhimg.com/v2-d60dc6112303bd0b7585d909fc53ffa8_r.jpg?source=1940ef5c', 'https://pic1.zhimg.com/v2-62dc3ba5a0d79fb7e7bad1235decd34a_r.jpg?source=1940ef5c', 'https://pic1.zhimg.com/v2-a02ababe971427b239203b3b5a7761d9_r.jpg?source=1940ef5c', 'https://pic2.zhimg.com/v2-f51107c469d61dd208f677ddb6df902e_r.jpg?source=1940ef5c', 'https://pic4.zhimg.com/v2-e1765a2c280a280d7dec07e8e4900a88_r.jpg?source=1940ef5c', 'https://pic2.zhimg.com/v2-a56b5e15c80cd45d3124f4068d70306b_r.jpg?source=1940ef5c', 'https://pic1.zhimg.com/v2-af09c5b2c79d6f7758c301f681acc7e4_r.jpg?source=1940ef5c', 'https://pic1.zhimg.com/v2-04698f7fdb9c79d42353d44fe3063e69_r.jpg?source=1940ef5c', 'https://pic1.zhimg.com/v2-c60a8ff7d3f94aa26f678942ad51d973_r.jpg?source=1940ef5c', 'https://pic2.zhimg.com/v2-1701550de6511b9f7438c14bbd64b3b5_r.jpg?source=1940ef5c', 'https://pic1.zhimg.com/v2-57c0f8b4650fd8eda761c1b577bd29e2_r.jpg?source=1940ef5c', 'https://pic1.zhimg.com/v2-20aad5d120fdcd262a58701f382db4e8_r.jpg?source=1940ef5c', 'https://pic1.zhimg.com/v2-4416ec70a8a67ec4c4ac9acc14a1a7a2_r.jpg?source=1940ef5c', 'https://pic1.zhimg.com/v2-166b0ac625edab0ba5a2c12a42db95a4_r.jpg?source=1940ef5c', 'https://pic1.zhimg.com/v2-6dfb1efb16e51f572af0ad3413915204_r.jpg?source=1940ef5c', 'https://pic2.zhimg.com/v2-dd0d591bcaabd4eba0ab31e6fbf2e88f_r.jpg?source=1940ef5c', 'https://pic4.zhimg.com/v2-e0c200048c053955bd849fe34590a114_r.jpg?source=1940ef5c', 'https://pic1.zhimg.com/v2-ba99e39b42e9803d023d0dba5652626b_r.jpg?source=1940ef5c', 'https://pic4.zhimg.com/v2-0fb9f70d3f1b93d5a9e1f873ff376350_r.jpg?source=1940ef5c', 'https://pic4.zhimg.com/v2-86388560475a10f3e0e564d420b5ad2d_r.jpg?source=1940ef5c', 'https://pic4.zhimg.com/v2-1019e99415968c58eaf9b1e43afd6aad_r.jpg?source=1940ef5c', 'https://pic1.zhimg.com/v2-3dde5dcb854361f46e027259fa4c29a1_r.jpg?source=1940ef5c', 'https://pic1.zhimg.com/v2-d11e5651f6a9fe43d4b0d490f3b3bd2c_r.jpg?source=1940ef5c', 'https://pic1.zhimg.com/v2-043511352bf6f0d385dff80f746ff423_r.jpg?source=1940ef5c', 'https://pic3.zhimg.com/v2-af8d4a8b4cd585cb43294160a776e2b1_r.jpg?source=1940ef5c', 'https://pic3.zhimg.com/v2-6995508acdb1239d69540f0ecd9c9749_r.jpg?source=1940ef5c', 'https://pic2.zhimg.com/v2-1f694d773ea1b1120d5c7b9342981e85_r.jpg?source=1940ef5c', 'https://pic1.zhimg.com/v2-385ffc464bc00d2a37051d18e825102e_r.jpg?source=1940ef5c', 'https://pic2.zhimg.com/v2-c28a107261586f66f9d7170022db3f51_r.jpg?source=1940ef5c', 'https://pic2.zhimg.com/v2-32b9b8b43619d6f445a3aaa133d3e14d_r.jpg?source=1940ef5c', 'https://pic4.zhimg.com/v2-94424538598089adcc225c7abc7e7020_r.jpg?source=1940ef5c', 'https://pic2.zhimg.com/v2-257dae79b1db7587a02a112f7f9a27d9_r.jpg?source=1940ef5c', 'https://pic2.zhimg.com/v2-cc647ee2fe4911188305f67ff6851ec4_r.jpg?source=1940ef5c', 'https://pic1.zhimg.com/v2-0a3fcccd89668cf4656158711daa55bb_r.jpg?source=1940ef5c', 'https://pic3.zhimg.com/v2-7a6d5f400fe4ddf65cc30396cbb3040e_r.jpg?source=1940ef5c', 'https://pic1.zhimg.com/v2-b9bc2ee880bde8879617dfe38c64a76b_r.jpg?source=1940ef5c', 'https://pic1.zhimg.com/v2-28c9d5d4b5cc1f3b66ac65acf3340db2_r.jpg?source=1940ef5c', 'https://pic4.zhimg.com/v2-9aa84fe5d26c0314233ef9df588585d1_r.jpg?source=1940ef5c', 'https://pic1.zhimg.com/v2-e283764129516e6bc384e4fc45265ecd_r.jpg?source=1940ef5c', 'https://pic1.zhimg.com/v2-85d61a77239f8e61c121a7092964dd5a_r.jpg?source=1940ef5c', 'https://pic3.zhimg.com/v2-a191ffaaf1efc15efd6d3b81ec3a0263_r.jpg?source=1940ef5c', 'https://pic1.zhimg.com/v2-43f4af7e11c8175e7665ea7aa3dba023_r.jpg?source=1940ef5c', 'https://pic2.zhimg.com/v2-d152209374b1518809874e58c206e7f8_r.jpg?source=1940ef5c', 'https://pic4.zhimg.com/v2-f12e0b9f5611e5f4ffb458e77be3b179_r.jpg?source=1940ef5c', 'https://pic4.zhimg.com/v2-19bc85e93e0c778e977b63fc01c97d4b_r.jpg?source=1940ef5c', 'https://pic4.zhimg.com/v2-a6fe2997777c02cf56cea088cbdead57_r.jpg?source=1940ef5c', 'https://pic2.zhimg.com/v2-ec491b8b062a863a435f39615a4ac7a8_r.jpg?source=1940ef5c', 'https://pic2.zhimg.com/v2-f9ff222b8bac66be5f4152608f57a775_r.jpg?source=1940ef5c', 'https://pic1.zhimg.com/v2-7574ab08b71077ec3c08d09904b7c3f8_r.jpg?source=1940ef5c', 'https://pic4.zhimg.com/v2-d6daab05d2873e5039e2c34d79d0e4a9_r.jpg?source=1940ef5c', 'https://pic1.zhimg.com/v2-609690bfc5ea49323d1aa37786fbcfab_r.jpg?source=1940ef5c', 'https://pic1.zhimg.com/v2-607295eb38760767abec920bd4f49057_r.jpg?source=1940ef5c', 'https://pic1.zhimg.com/v2-d67ac26ec6c3ea1b3844bb009d43b885_r.jpg?source=1940ef5c', 'https://pic1.zhimg.com/v2-196d944c4f9e336dc3d8d4a8f83b421a_r.jpg?source=1940ef5c', 'https://pic4.zhimg.com/v2-eb658d7a33af990159922b213a8c0af3_r.jpg?source=1940ef5c', 'https://pic3.zhimg.com/v2-42872e27578f52066825c4f3b2c9ea08_r.jpg?source=1940ef5c', 'https://pic2.zhimg.com/v2-560eb0142446cbc89bfff7a9995501b0_r.jpg?source=1940ef5c', 'https://pic3.zhimg.com/v2-1a5689e71d0911296724123cb6a7521b_r.jpg?source=1940ef5c', 'https://pic2.zhimg.com/v2-62027527b17407fd85128c65f9bbf0bb_r.jpg?source=1940ef5c', 'https://pic1.zhimg.com/v2-3ab122d3006c84d6de3f6077d653926b_r.jpg?source=1940ef5c', 'https://pic1.zhimg.com/v2-dfc6f598c126e14eae1d7c069528434f_r.jpg?source=1940ef5c', 'https://pic4.zhimg.com/v2-128d0693cf329075abb635a359f114a7_r.jpg?source=1940ef5c', 'https://pic1.zhimg.com/v2-d4195a6fd0cd9aeda8f0971fc674b74c_r.jpg?source=1940ef5c', 'https://pic1.zhimg.com/v2-6df4f9e7d4f332c32698e31a033dc420_r.jpg?source=1940ef5c', 'https://pic3.zhimg.com/v2-ce31f486b478e3526b4c77cb0d15e774_r.jpg?source=1940ef5c', 'https://pic1.zhimg.com/v2-163ef74a13050f13dc4a981380d9c0ef_r.jpg?source=1940ef5c', 'https://pic4.zhimg.com/v2-33e5fee63f3ed453be39f7f6f9316504_r.jpg?source=1940ef5c', 'https://pic1.zhimg.com/v2-24131eb24d6996b274a259bf68ded748_r.jpg?source=1940ef5c', 'https://pic1.zhimg.com/v2-44d0abd5e58bad5221962086d957c83e_r.jpg?source=1940ef5c', 'https://pic4.zhimg.com/v2-19c2988feb1339a82f887cb62abbc520_r.jpg?source=1940ef5c', 'https://pic1.zhimg.com/v2-7e80dd52a34777a49e07fe9dfa291eab_r.jpg?source=1940ef5c', 'https://pic1.zhimg.com/v2-4d40bebbe6a1830a9b657a52df0e3b06_r.jpg?source=1940ef5c', 'https://pic2.zhimg.com/v2-876d98124d77c2e86aa440b6330cf158_r.jpg?source=1940ef5c', 'https://pic1.zhimg.com/v2-bd96e42535ce55b6cc0cdda702edac38_r.jpg?source=1940ef5c', 'https://pic1.zhimg.com/v2-cffa5431b8535394f6c9bc613aff90a8_r.jpg?source=1940ef5c', 'https://pic1.zhimg.com/v2-5d703da6e82613b92f7af55cdd6e42d8_r.jpg?source=1940ef5c', 'https://pic2.zhimg.com/v2-1e1968f6401491d2670a8ee2a69517ee_r.jpg?source=1940ef5c', 'https://pic2.zhimg.com/v2-e7bd0d7bbd21e13c637f2d0253f0d8d0_r.jpg?source=1940ef5c', 'https://pic1.zhimg.com/v2-ff6145edd39eff5ffe00d235225792bd_r.jpg?source=1940ef5c', 'https://pic1.zhimg.com/v2-25bb2d0e2b9d654845f29dcbd6ed3e78_r.jpg?source=1940ef5c', 'https://pic4.zhimg.com/v2-bae31958a3202b955adda70f26887d5a_r.jpg?source=1940ef5c', 'https://pic4.zhimg.com/v2-e32df5861e98c0ae1b9c54b9f93b8823_r.jpg?source=1940ef5c', 'https://pic2.zhimg.com/v2-8049a56cac88d0cad68973e9b3e9b9db_r.jpg?source=1940ef5c', 'https://pic4.zhimg.com/v2-feedcbc7302ac862dd8ad26d128afd9c_r.jpg?source=1940ef5c', 'https://pic1.zhimg.com/v2-e453e328065043bdf759b947901b3e87_r.jpg?source=1940ef5c', 'https://pic1.zhimg.com/v2-c7792a35ea6f1b7d19550d5a83d15283_r.jpg?source=1940ef5c', 'https://pic4.zhimg.com/v2-1cde6bf08dff554401479a3bd458636f_r.jpg?source=1940ef5c', 'https://pic4.zhimg.com/v2-914d5e9ebe8add824fec4450878fc0be_r.jpg?source=1940ef5c', 'https://pic1.zhimg.com/v2-19e8752805a19438290101ea6e8f8691_r.jpg?source=1940ef5c', 'https://pic2.zhimg.com/v2-73b6d28ab1839249a9f217148d6bff8c_r.jpg?source=1940ef5c', 'https://pic2.zhimg.com/v2-5dad1008aa0ad50c7e9bf872b6f5d29e_r.jpg?source=1940ef5c', 'https://pic1.zhimg.com/v2-cf9f950c41b3a72920fbd28bccc8ad30_r.jpg?source=1940ef5c', 'https://pic1.zhimg.com/v2-d156708db76605b048d3e7990d95482e_r.jpg?source=1940ef5c', 'https://pic3.zhimg.com/v2-2d7db8e0394cc4409d18d16d98e693da_r.jpg?source=1940ef5c', 'https://pic2.zhimg.com/v2-1ea50bd626c15056a1e36122b437d2ce_r.jpg?source=1940ef5c', 'https://pic3.zhimg.com/v2-f7d73a32201f3753aa0013f81d154ac5_r.jpg?source=1940ef5c', 'https://pic1.zhimg.com/v2-5104974e1d14d5f3dbaf5ac7fd9fe7f2_r.jpg?source=1940ef5c', 'https://pic2.zhimg.com/v2-cde03e74b964249f5e9b699c23bd8681_r.jpg?source=1940ef5c', 'https://pic1.zhimg.com/v2-4f66293dc2ee8e376f002a9e3c6aa21d_r.jpg?source=1940ef5c', 'https://pic2.zhimg.com/v2-cf93fc1b572a873520d7345aa24e8765_r.jpg?source=1940ef5c', 'https://pic1.zhimg.com/v2-cd942e127cc0d116c66f4a173b524c3b_r.jpg?source=1940ef5c', 'https://pic2.zhimg.com/v2-25df2842b73618520eba6c8738bbf43f_r.jpg?source=1940ef5c', 'https://pic1.zhimg.com/v2-f35cc443a1023c7b3cd89f3a6ef1a71d_r.jpg?source=1940ef5c', 'https://pic2.zhimg.com/v2-87e5ad4772a6aa77a369e1e125a1b113_r.jpg?source=1940ef5c', 'https://pic1.zhimg.com/v2-c2ab1f0d41ed73a1ae21356e0478f988_r.jpg?source=1940ef5c', 'https://pic2.zhimg.com/v2-68b7c38586bf9123f08bc0265d06502d_r.jpg?source=1940ef5c', 'https://pic4.zhimg.com/v2-56d0b4715518de2d947dec4b481b1ded_r.jpg?source=1940ef5c', 'https://pic1.zhimg.com/v2-98399d4e95b762fdd2b9832565534ad0_r.jpg?source=1940ef5c', 'https://pic4.zhimg.com/v2-b4770d66ac449fe8ce31101381578b5b_r.jpg?source=1940ef5c', 'https://pic1.zhimg.com/v2-9aeebbc9628df6b7d4348cc25b86e6e5_r.jpg?source=1940ef5c', 'https://pic4.zhimg.com/v2-07ee012b13b6a61c7d505aff9bbcc96a_r.jpg?source=1940ef5c', 'https://pic1.zhimg.com/v2-72ef981cd91eeca2dbd0f4ad0d535949_r.jpg?source=1940ef5c', 'https://pic1.zhimg.com/v2-62a58db9450954869e034b2c1e26f759_r.jpg?source=1940ef5c', 'https://pic1.zhimg.com/v2-c4648dfeae8f1b00c88956128e4cc724_r.jpg?source=1940ef5c', 'https://pic1.zhimg.com/v2-647e8720ea0b2f03e0c4e53a2cea971c_r.jpg?source=1940ef5c', 'https://pic1.zhimg.com/v2-e3b6f77cbddf4bcdaaf71cf26438c813_r.jpg?source=1940ef5c', 'https://pic4.zhimg.com/v2-888cf2726a9de11191265899953626b5_r.jpg?source=1940ef5c', 'https://pic2.zhimg.com/v2-bbc8e3412450d589f7a4f6452b7b1c54_r.jpg?source=1940ef5c', 'https://pic1.zhimg.com/v2-922f099db8f6d3b0f0c565511be26c7f_r.jpg?source=1940ef5c', 'https://pic1.zhimg.com/v2-318a4cb773652a8642c1b2fa8532aaa7_r.jpg?source=1940ef5c', 'https://pic2.zhimg.com/v2-f698816ee992f82443f449e1d9635d57_r.jpg?source=1940ef5c', 'https://pic2.zhimg.com/v2-7bafd8bd1a966524aa8c8e0b9d6f8e06_r.jpg?source=1940ef5c', 'https://pic1.zhimg.com/v2-93563c425e4c8cfbe7b993c362eb2be2_r.jpg?source=1940ef5c', 'https://pic4.zhimg.com/v2-ee85c62009c3de0c1899c6ec0d96f16e_r.jpg?source=1940ef5c', 'https://pic2.zhimg.com/v2-08e9d7ea353ed9d131d27efadfe8a0df_r.jpg?source=1940ef5c', 'https://pic3.zhimg.com/v2-4383d21999ed02ce3ba3f2748e8f0eae_r.jpg?source=1940ef5c', 'https://pic4.zhimg.com/v2-bfd40910c8be7ec9fa8c9e1fdd184ce5_r.jpg?source=1940ef5c', 'https://pic2.zhimg.com/v2-91c62789d8aed5544fa447ad8dfcc5a2_r.jpg?source=1940ef5c', 'https://pic2.zhimg.com/v2-d3bff54c354795e7ee77510efccbbafc_r.jpg?source=1940ef5c', 'https://pic2.zhimg.com/v2-80d8ffe9514607b7625a3399340306d1_r.jpg?source=1940ef5c', 'https://pic4.zhimg.com/v2-ff46699affd6a1ee46d69b9fa39ccc4a_r.jpg?source=1940ef5c', 'https://pic4.zhimg.com/v2-0fae1b2dd752906537c3d442c5757ab8_r.jpg?source=1940ef5c', 'https://pic3.zhimg.com/v2-a202d347a9bd453719dfe766a0b6437c_r.jpg?source=1940ef5c', 'https://pic1.zhimg.com/v2-e1c8e48388621c0f4b313b2f6f4e4776_r.jpg?source=1940ef5c', 'https://pic4.zhimg.com/v2-ad225c5c41960d5ca2c6fa6b77f2104f_r.jpg?source=1940ef5c', 'https://pic1.zhimg.com/v2-b7acd1654f34b3b32db71c8a32780c25_r.jpg?source=1940ef5c', 'https://pic4.zhimg.com/v2-4dc965fda5badb5fb3e93c272d8801fb_r.jpg?source=1940ef5c', 'https://pic2.zhimg.com/v2-2cc1e11f1327e50a72561a71089e32b7_r.jpg?source=1940ef5c', 'https://pic2.zhimg.com/v2-04d90f8f219035a206861b3c97c483fa_r.jpg?source=1940ef5c', 'https://pic1.zhimg.com/v2-3ff755f3fb26f415ac44f910115443d7_r.jpg?source=1940ef5c', 'https://pic2.zhimg.com/v2-380ce4e218c96a8a30ef1ebde5af72d6_r.jpg?source=1940ef5c', 'https://pic3.zhimg.com/v2-57a7014c2696ba8d34801dc052c5fbff_r.jpg?source=1940ef5c', 'https://pic2.zhimg.com/v2-ac92c1cce92665992d8d671faec9ce88_r.jpg?source=1940ef5c', 'https://pic1.zhimg.com/v2-a7ad5344d7eb7fdc39229144b31d62ce_r.jpg?source=1940ef5c', 'https://pic4.zhimg.com/v2-30a8ff8d153b4d8491d9584e268bfec4_r.jpg?source=1940ef5c', 'https://pic4.zhimg.com/v2-5b14589e87e99bdd10928b4ae151503f_r.jpg?source=1940ef5c', 'https://pic3.zhimg.com/v2-0a80f8d26ac00027bbc450a330299b9b_r.jpg?source=1940ef5c']
758
https://pic1.zhimg.com/v2-046fa5b1134ac52c277ed8d9fe056d52_r.jpg
https://pic1.zhimg.com/v2-fafe0ca8355a9fe2363be8488a87491e_r.jpg
https://pic1.zhimg.com/v2-79298361431a1389d4fd75a9439c53cd_r.jpg
https://pic4.zhimg.com/v2-2d427ce63ee364ad922aab3ab69cf284_r.jpg
https://pic4.zhimg.com/v2-bed6bbbb78975adb4b58d5d7ea550946_r.jpg
https://pic2.zhimg.com/v2-8fc538a79738ab67579f6d28ec72b56c_r.jpg
https://pic4.zhimg.com/v2-5a78eea276b72b44bf10323af0a4ec1d_r.jpg
https://pic1.zhimg.com/v2-e0b9c8dbc32117c898cc2a485d7b533e_r.jpg
https://pic1.zhimg.com/v2-2aaca036e3542052c532ee924f166192_r.jpg
https://pic4.zhimg.com/v2-8fec32c1e81518008f55ba58ae3e8549_r.jpg
https://pic2.zhimg.com/v2-a94942f6b7f617e7a556b60bb783c088_r.jpg
https://pic1.zhimg.com/v2-55a05d58be63785ae08febc6383d5dd0_r.jpg
https://pic1.zhimg.com/v2-36bf630932168a6dd75fe71d6ae95c0f_r.jpg
https://pic4.zhimg.com/v2-17141b2dfc1972e5717dccbe923a1e10_r.jpg
https://pic1.zhimg.com/v2-e5f33173ea1f50453310b438e5102237_r.jpg
https://pic1.zhimg.com/v2-aed3a36134a2395e80006df428da4684_r.jpg
https://pic2.zhimg.com/v2-7cd23038356ddd7f2564ccd41040b995_r.jpg
https://pic4.zhimg.com/v2-a11fec68fa299f3743f51254a2b084e2_r.jpg
https://pic4.zhimg.com/v2-7b5bd3dc09df876335ba04576aadab68_r.jpg
https://pic2.zhimg.com/v2-d920039503e3f3a5b0b58b3230f0fa32_r.jpg
https://pic2.zhimg.com/v2-0f5b6c807834424a5972ca7333250ed7_r.jpg
https://pic3.zhimg.com/v2-0f4a0ce04baaf55f29c713306cd532e5_r.jpg
https://pic1.zhimg.com/v2-b624aa811c9e22c22ff844141fc9f2c2_r.jpg
https://pic1.zhimg.com/v2-864b2743677d142612b8cc0cf942370f_r.jpg
https://pic1.zhimg.com/v2-2243e406a448cdefbbc72acb6e5f7fc2_r.jpg
https://pic4.zhimg.com/v2-c7f94618734fd5eb1f922037cedb7551_r.jpg
https://pic4.zhimg.com/v2-8dbedd4eb223e7094ab3973a20b73de2_r.jpg
https://pic2.zhimg.com/v2-c7f7b4fce5454ecba34cd2cc0a70e16c_r.jpg
https://pic4.zhimg.com/v2-c10367a8ee5ff97aeba39f7850b55999_r.jpg
https://pic2.zhimg.com/v2-fa3bf9300c803a2d171d40843593ce9c_r.jpg
https://pic1.zhimg.com/v2-e5d3312e2c5ff3e7569b697730fb90ff_r.jpg
https://pic1.zhimg.com/v2-9838914b023d586fbb55d65e2dceb57b_r.jpg
https://pic2.zhimg.com/v2-79a4ac897ab7fb8a1086b6a4cb37315c_r.jpg
https://pic4.zhimg.com/v2-3d0c81b76f06e7084399c1f8bdc5c397_r.jpg
https://pic1.zhimg.com/v2-ff78d3eb8dde35aace6f9d2f941724d5_r.jpg
https://pic4.zhimg.com/v2-968378a2fef2f8e5a42846a9330386e4_r.jpg
https://pic4.zhimg.com/v2-9ad05d3d5f9d089d4ccaf565bd41ddaa_r.jpg
https://pic1.zhimg.com/v2-6d6183109dc400e8b0194ed40dc2c901_r.jpg
https://pic1.zhimg.com/v2-fd21c496b374b6c13763abe8fafa499e_r.jpg
https://pic2.zhimg.com/v2-cffb414ed65971c07662f379eb567aa4_r.jpg
https://pic1.zhimg.com/v2-9de3d4e9cad45426a78bb9d6b2416715_r.jpg
https://pic2.zhimg.com/v2-e3c670101e00ca4d5228cffff4d56a5c_r.jpg
https://pic4.zhimg.com/v2-913aa512d1f76643460a89060b8b5a6a_r.jpg
https://pic1.zhimg.com/v2-42e1b886c3a19cea66be0e2f062432cc_r.jpg
https://pic1.zhimg.com/v2-6352b2c19ad9a5bc08547343761a3c77_r.jpg
https://pic1.zhimg.com/v2-fbd043ddf19aa1268eee8c9857122157_r.jpg
https://pic1.zhimg.com/v2-997d5c6b361543b5193c9501b039068e_r.jpg
https://pic1.zhimg.com/v2-cf1298b0bdec34d9e520595ed9191b43_r.jpg
https://pic4.zhimg.com/v2-2a152aad4a392a51438761cbc3d4dc40_r.jpg
https://pic4.zhimg.com/v2-23d25b22714f51bd0b7b141248aee956_r.jpg
https://pic2.zhimg.com/v2-100afc234c13dc5497abeac78608c985_r.jpg
https://pic4.zhimg.com/v2-45a1d39a340fd6ad61b6d5feecc2f2aa_r.jpg
https://pic1.zhimg.com/v2-d11c863fd797b6a77f8ff59c66c02435_r.jpg
https://pic3.zhimg.com/v2-2d2b85abfa1704cd5463b5237989caf3_r.jpg
https://pic1.zhimg.com/v2-6db378b54583bcfb357ec9533bfd5011_r.jpg
https://pic1.zhimg.com/v2-2c9a4bb1fcd6dd2758e53be75f2623f1_r.jpg
https://pic4.zhimg.com/v2-a396aa85a1afbbefb3887216121a83c8_r.jpg
https://pic1.zhimg.com/v2-3af1fd49ef8b0711ff7c4902179499bb_r.jpg
https://pic4.zhimg.com/v2-63d0b04cef64ebbf68aed0b6366d9550_r.jpg
https://pic1.zhimg.com/v2-3e478efeaf836ed30608ec5bc897fc0e_r.jpg
https://pic1.zhimg.com/v2-5b8390847805523ec9b1cf0899ae1747_r.jpg
https://pic1.zhimg.com/v2-03faafe2522d89c92841e16fe9832796_r.jpg
https://pic4.zhimg.com/v2-5648eb933f07f3770e7c96ec311f1793_r.jpg
https://pic1.zhimg.com/v2-87e747a30b1b4befd4907796da3ff0cd_r.jpg
https://pic4.zhimg.com/v2-117968ecfaf7acee28f2ad71e14ec0c6_r.jpg
https://pic4.zhimg.com/v2-b2847cdcc92bf0e6795ec425dc6f944a_r.jpg
https://pic1.zhimg.com/v2-06feea8162aea159577d3506614af132_r.jpg
https://pic4.zhimg.com/v2-978e08889e043529fdfd3f9deb30e5c1_r.jpg
https://pic1.zhimg.com/v2-3f2664a6c9b1170be7e0d1483d9170a8_r.jpg
https://pic1.zhimg.com/v2-12ee40f5f5c30acbfec3dfac5ef46ce3_r.jpg
https://pic2.zhimg.com/v2-05cd574fd769b116876c736a8949c1ad_r.jpg
https://pic4.zhimg.com/v2-61b16caec2b0968f43e620a728513350_r.jpg
https://pic2.zhimg.com/v2-8c39b67489db242d95c928f48683dd9b_r.jpg
https://pic1.zhimg.com/v2-6cef10f1c273b52c2825edd09662b9ee_r.jpg
https://pic1.zhimg.com/v2-1b932b81e5ef883682d2c40e28681e9c_r.jpg
https://pic2.zhimg.com/v2-1bb3d64c8d9782eb15e0ab375c9b0f47_r.jpg
https://pic2.zhimg.com/v2-81a1b3fd333bc4c50c1110664f4b39f9_r.jpg
https://pic2.zhimg.com/v2-c4293e444dddfaa96920383d74210bd8_r.jpg
https://pic1.zhimg.com/v2-511a95f381ef7906869eda54ada4ed85_r.jpg
https://pic2.zhimg.com/v2-567dcac7d183a33497820e2a41f1d26b_r.jpg
https://pic4.zhimg.com/v2-f75c81c62f248d8cb3c59f3ba15499de_r.jpg
https://pic1.zhimg.com/v2-b58d9e50b211e3bd0b42842eefeb31da_r.jpg
https://pic1.zhimg.com/v2-66074625cad5b643c65b2cca5589a221_r.jpg
https://pic1.zhimg.com/v2-35cb533cf325aa1f6bb4d6acba61ac6e_r.jpg
https://pic4.zhimg.com/v2-a89cd6d74e45349c08d39c2ab8943c89_r.jpg
https://pic1.zhimg.com/v2-79240f150ba2d3ff738452c3746284d6_r.jpg
https://pic1.zhimg.com/v2-d6d08ed49b4a14a0065d82b3828be247_r.jpg
https://pic4.zhimg.com/v2-b518064c815c809d500551f64226bcfc_r.jpg
https://pic4.zhimg.com/v2-50538fc65a09692cdd5c39d0e89a891e_r.jpg
https://pic1.zhimg.com/v2-a2b8f8574ca768d45235a1d9e2180cc0_r.jpg
https://pic1.zhimg.com/v2-9360d7eb4e67047eefd5fe0d13870b50_r.jpg
https://pic1.zhimg.com/v2-e75ca1c8c93594a129041195c9f6afda_r.jpg
https://pic1.zhimg.com/v2-22d09177c93ac03b9ecdeae58edd9b56_r.jpg
https://pic2.zhimg.com/v2-599a1934a916f9f2dd00f0a003075fd3_r.jpg
https://pic1.zhimg.com/v2-978e08889e043529fdfd3f9deb30e5c1_r.jpg
https://pic1.zhimg.com/v2-4b0eea19783f6b5425281331e094d86d_r.jpg
https://pic2.zhimg.com/v2-86c0c7a3a737df9c5a0c7775811c6dc1_r.jpg
https://pic1.zhimg.com/v2-89f5fa32867e50e0a5459a68c1fe50d2_r.jpg
https://pic2.zhimg.com/v2-9b634b672824c24ce8fa3495f96d4bb3_r.jpg
https://pic4.zhimg.com/v2-788ab087ede8a0ad37dcda0ef68ffea1_r.jpg
https://pic4.zhimg.com/v2-c4eb15b2ff44aebb0122397e33a05bb9_r.jpg
https://pic4.zhimg.com/v2-8fffae429c2c636f9604debf84ed9e5f_r.jpg
https://pic1.zhimg.com/v2-f10f11502d1a06fa12c4803fcd3dc429_r.jpg
https://pic4.zhimg.com/v2-232167ebe36f9d1048b06d186dd16b81_r.jpg
https://pic4.zhimg.com/v2-5713a976530176c68145a69dacf26cb2_r.jpg
https://pic4.zhimg.com/v2-dd0daea1f8ebbe76b055fb739c71bf54_r.jpg
https://pic3.zhimg.com/v2-358b160f059a38ad8e4f446601036961_r.jpg
https://pic1.zhimg.com/v2-4e1033856ab7d1795837eb6194d11754_r.jpg
https://pic1.zhimg.com/v2-8337fdc5d9a0d909274e656c5bbf993e_r.jpg
https://pic3.zhimg.com/v2-d6ba84c972a148e2fa27ee0ac14cc210_r.jpg
https://pic4.zhimg.com/v2-bc26b2d8fed840c929f4f6a855cc17a9_r.jpg
https://pic4.zhimg.com/v2-b826f825aab9ea3526c7bd35b6725521_r.jpg
https://pic2.zhimg.com/v2-4ffacac79c96278b17651e970279b035_r.jpg
https://pic1.zhimg.com/v2-e620326bcde975038c81d86d67748321_r.jpg
https://pic1.zhimg.com/v2-f7a6d2c7c761dbfb80bee71a732ea957_r.jpg
https://pic2.zhimg.com/v2-2094ea243af7f1f0774c648cdaeb0722_r.jpg
https://pic2.zhimg.com/v2-c5a4480cfdbac59f7861c1eb836f798b_r.jpg
https://pic2.zhimg.com/v2-c8980e7e6f9a6a94680a95ed48a2940e_r.jpg
https://pic1.zhimg.com/v2-7230384e7a4a4f0323e9dfb8b458e0d5_r.jpg
https://pic2.zhimg.com/v2-0b8a691ce0d569f6b01c06c4b0c7f55e_r.jpg
https://pic1.zhimg.com/v2-9bbcc8f05e84aa5d45607d7bab59be34_r.jpg
https://pic1.zhimg.com/v2-9053f41d8219901dcc7d6d04cc97d720_r.jpg
https://pic1.zhimg.com/v2-0f47d48529cf759ed7beac969b178b54_r.jpg
https://pic3.zhimg.com/v2-cd182fd1e1f0c3b815dcd5547e0b35de_r.jpg
https://pic2.zhimg.com/v2-0af3b0198a2574cd3a6b1b6bb66878b0_r.jpg